/root/shared-nvme/wangjie/second_paper/paper1_reuse/wtq_utils/execute.py:108: FutureWarning: DataFrame.applymap has been deprecated. Use DataFrame.map instead.
  return df.applymap(to_numeric)
/root/shared-nvme/wangjie/second_paper/paper1_reuse/wtq_utils/execute.py:108: FutureWarning: DataFrame.applymap has been deprecated. Use DataFrame.map instead.
  return df.applymap(to_numeric)
/root/shared-nvme/wangjie/second_paper/paper1_reuse/wtq_utils/execute.py:108: FutureWarning: DataFrame.applymap has been deprecated. Use DataFrame.map instead.
  return df.applymap(to_numeric)
/root/shared-nvme/wangjie/second_paper/paper1_reuse/wtq_utils/execute.py:108: FutureWarning: DataFrame.applymap has been deprecated. Use DataFrame.map instead.
  return df.applymap(to_numeric)
/root/shared-nvme/wangjie/second_paper/paper1_reuse/wtq_utils/execute.py:108: FutureWarning: DataFrame.applymap has been deprecated. Use DataFrame.map instead.
  return df.applymap(to_numeric)
/root/shared-nvme/wangjie/second_paper/paper1_reuse/wtq_utils/execute.py:108: FutureWarning: DataFrame.applymap has been deprecated. Use DataFrame.map instead.
  return df.applymap(to_numeric)
/root/shared-nvme/wangjie/second_paper/paper1_reuse/wtq_utils/execute.py:108: FutureWarning: DataFrame.applymap has been deprecated. Use DataFrame.map instead.
  return df.applymap(to_numeric)
/root/shared-nvme/wangjie/second_paper/paper1_reuse/wtq_utils/execute.py:108: FutureWarning: DataFrame.applymap has been deprecated. Use DataFrame.map instead.
  return df.applymap(to_numeric)
/root/shared-nvme/wangjie/second_paper/paper1_reuse/wtq_utils/execute.py:108: FutureWarning: DataFrame.applymap has been deprecated. Use DataFrame.map instead.
  return df.applymap(to_numeric)
/root/shared-nvme/wangjie/second_paper/paper1_reuse/wtq_utils/execute.py:108: FutureWarning: DataFrame.applymap has been deprecated. Use DataFrame.map instead.
  return df.applymap(to_numeric)
/root/shared-nvme/wangjie/second_paper/paper1_reuse/wtq_utils/execute.py:108: FutureWarning: DataFrame.applymap has been deprecated. Use DataFrame.map instead.
  return df.applymap(to_numeric)
/root/shared-nvme/wangjie/second_paper/paper1_reuse/wtq_utils/execute.py:108: FutureWarning: DataFrame.applymap has been deprecated. Use DataFrame.map instead.
  return df.applymap(to_numeric)
/root/shared-nvme/wangjie/second_paper/paper1_reuse/wtq_utils/execute.py:108: FutureWarning: DataFrame.applymap has been deprecated. Use DataFrame.map instead.
  return df.applymap(to_numeric)
/root/shared-nvme/wangjie/second_paper/paper1_reuse/wtq_utils/execute.py:108: FutureWarning: DataFrame.applymap has been deprecated. Use DataFrame.map instead.
  return df.applymap(to_numeric)
/root/shared-nvme/wangjie/second_paper/paper1_reuse/wtq_utils/execute.py:108: FutureWarning: DataFrame.applymap has been deprecated. Use DataFrame.map instead.
  return df.applymap(to_numeric)
/root/shared-nvme/wangjie/second_paper/paper1_reuse/wtq_utils/execute.py:108: FutureWarning: DataFrame.applymap has been deprecated. Use DataFrame.map instead.
  return df.applymap(to_numeric)
/root/shared-nvme/wangjie/second_paper/paper1_reuse/wtq_utils/execute.py:108: FutureWarning: DataFrame.applymap has been deprecated. Use DataFrame.map instead.
  return df.applymap(to_numeric)
/root/shared-nvme/wangjie/second_paper/paper1_reuse/wtq_utils/execute.py:108: FutureWarning: DataFrame.applymap has been deprecated. Use DataFrame.map instead.
  return df.applymap(to_numeric)
/root/shared-nvme/wangjie/second_paper/paper1_reuse/wtq_utils/execute.py:108: FutureWarning: DataFrame.applymap has been deprecated. Use DataFrame.map instead.
  return df.applymap(to_numeric)
/root/shared-nvme/wangjie/second_paper/paper1_reuse/wtq_utils/execute.py:108: FutureWarning: DataFrame.applymap has been deprecated. Use DataFrame.map instead.
  return df.applymap(to_numeric)
/root/shared-nvme/wangjie/second_paper/paper1_reuse/wtq_utils/execute.py:108: FutureWarning: DataFrame.applymap has been deprecated. Use DataFrame.map instead.
  return df.applymap(to_numeric)
/root/shared-nvme/wangjie/second_paper/paper1_reuse/wtq_utils/execute.py:108: FutureWarning: DataFrame.applymap has been deprecated. Use DataFrame.map instead.
  return df.applymap(to_numeric)
/root/shared-nvme/wangjie/second_paper/paper1_reuse/wtq_utils/execute.py:108: FutureWarning: DataFrame.applymap has been deprecated. Use DataFrame.map instead.
  return df.applymap(to_numeric)
/root/shared-nvme/wangjie/second_paper/paper1_reuse/wtq_utils/execute.py:108: FutureWarning: DataFrame.applymap has been deprecated. Use DataFrame.map instead.
  return df.applymap(to_numeric)
/root/shared-nvme/wangjie/second_paper/paper1_reuse/wtq_utils/execute.py:108: FutureWarning: DataFrame.applymap has been deprecated. Use DataFrame.map instead.
  return df.applymap(to_numeric)
/root/shared-nvme/wangjie/second_paper/paper1_reuse/wtq_utils/execute.py:108: FutureWarning: DataFrame.applymap has been deprecated. Use DataFrame.map instead.
  return df.applymap(to_numeric)
/root/shared-nvme/wangjie/second_paper/paper1_reuse/wtq_utils/execute.py:108: FutureWarning: DataFrame.applymap has been deprecated. Use DataFrame.map instead.
  return df.applymap(to_numeric)
/root/shared-nvme/wangjie/second_paper/paper1_reuse/wtq_utils/execute.py:108: FutureWarning: DataFrame.applymap has been deprecated. Use DataFrame.map instead.
  return df.applymap(to_numeric)
/root/shared-nvme/wangjie/second_paper/paper1_reuse/wtq_utils/execute.py:108: FutureWarning: DataFrame.applymap has been deprecated. Use DataFrame.map instead.
  return df.applymap(to_numeric)
/root/shared-nvme/wangjie/second_paper/paper1_reuse/wtq_utils/execute.py:108: FutureWarning: DataFrame.applymap has been deprecated. Use DataFrame.map instead.
  return df.applymap(to_numeric)
/root/shared-nvme/wangjie/second_paper/paper1_reuse/wtq_utils/execute.py:108: FutureWarning: DataFrame.applymap has been deprecated. Use DataFrame.map instead.
  return df.applymap(to_numeric)
/root/shared-nvme/wangjie/second_paper/paper1_reuse/wtq_utils/execute.py:108: FutureWarning: DataFrame.applymap has been deprecated. Use DataFrame.map instead.
  return df.applymap(to_numeric)
/root/shared-nvme/wangjie/second_paper/paper1_reuse/wtq_utils/execute.py:108: FutureWarning: DataFrame.applymap has been deprecated. Use DataFrame.map instead.
  return df.applymap(to_numeric)
/root/shared-nvme/wangjie/second_paper/paper1_reuse/wtq_utils/execute.py:108: FutureWarning: DataFrame.applymap has been deprecated. Use DataFrame.map instead.
  return df.applymap(to_numeric)
/root/shared-nvme/wangjie/second_paper/paper1_reuse/wtq_utils/execute.py:108: FutureWarning: DataFrame.applymap has been deprecated. Use DataFrame.map instead.
  return df.applymap(to_numeric)
/root/shared-nvme/wangjie/second_paper/paper1_reuse/wtq_utils/execute.py:108: FutureWarning: DataFrame.applymap has been deprecated. Use DataFrame.map instead.
  return df.applymap(to_numeric)
/root/shared-nvme/wangjie/second_paper/paper1_reuse/wtq_utils/execute.py:108: FutureWarning: DataFrame.applymap has been deprecated. Use DataFrame.map instead.
  return df.applymap(to_numeric)
/root/shared-nvme/wangjie/second_paper/paper1_reuse/wtq_utils/execute.py:108: FutureWarning: DataFrame.applymap has been deprecated. Use DataFrame.map instead.
  return df.applymap(to_numeric)
/root/shared-nvme/wangjie/second_paper/paper1_reuse/wtq_utils/execute.py:108: FutureWarning: DataFrame.applymap has been deprecated. Use DataFrame.map instead.
  return df.applymap(to_numeric)
/root/shared-nvme/wangjie/second_paper/paper1_reuse/wtq_utils/execute.py:108: FutureWarning: DataFrame.applymap has been deprecated. Use DataFrame.map instead.
  return df.applymap(to_numeric)
/root/shared-nvme/wangjie/second_paper/paper1_reuse/wtq_utils/execute.py:108: FutureWarning: DataFrame.applymap has been deprecated. Use DataFrame.map instead.
  return df.applymap(to_numeric)
/root/shared-nvme/wangjie/second_paper/paper1_reuse/wtq_utils/execute.py:108: FutureWarning: DataFrame.applymap has been deprecated. Use DataFrame.map instead.
  return df.applymap(to_numeric)
/root/shared-nvme/wangjie/second_paper/paper1_reuse/wtq_utils/execute.py:108: FutureWarning: DataFrame.applymap has been deprecated. Use DataFrame.map instead.
  return df.applymap(to_numeric)
/root/shared-nvme/wangjie/second_paper/paper1_reuse/wtq_utils/execute.py:108: FutureWarning: DataFrame.applymap has been deprecated. Use DataFrame.map instead.
  return df.applymap(to_numeric)
/root/shared-nvme/wangjie/second_paper/paper1_reuse/wtq_utils/execute.py:108: FutureWarning: DataFrame.applymap has been deprecated. Use DataFrame.map instead.
  return df.applymap(to_numeric)
/root/shared-nvme/wangjie/second_paper/paper1_reuse/wtq_utils/execute.py:108: FutureWarning: DataFrame.applymap has been deprecated. Use DataFrame.map instead.
  return df.applymap(to_numeric)
/root/shared-nvme/wangjie/second_paper/paper1_reuse/wtq_utils/execute.py:108: FutureWarning: DataFrame.applymap has been deprecated. Use DataFrame.map instead.
  return df.applymap(to_numeric)
/root/shared-nvme/wangjie/second_paper/paper1_reuse/wtq_utils/execute.py:108: FutureWarning: DataFrame.applymap has been deprecated. Use DataFrame.map instead.
  return df.applymap(to_numeric)
/root/shared-nvme/wangjie/second_paper/paper1_reuse/wtq_utils/execute.py:108: FutureWarning: DataFrame.applymap has been deprecated. Use DataFrame.map instead.
  return df.applymap(to_numeric)
/root/shared-nvme/wangjie/second_paper/paper1_reuse/wtq_utils/execute.py:108: FutureWarning: DataFrame.applymap has been deprecated. Use DataFrame.map instead.
  return df.applymap(to_numeric)
/root/shared-nvme/wangjie/second_paper/paper1_reuse/wtq_utils/execute.py:108: FutureWarning: DataFrame.applymap has been deprecated. Use DataFrame.map instead.
  return df.applymap(to_numeric)
0	nu-2928	method=baseline	correct=True	exec=True
1	nu-0	method=baseline	correct=False	exec=True
2	nu-1	method=baseline	correct=False	exec=True
3	nu-2348	method=baseline	correct=True	exec=True
4	nu-488	method=baseline	correct=True	exec=True
5	nu-2140	method=baseline	correct=True	exec=True
6	nu-752	method=baseline	correct=True	exec=True
7	nu-201	method=baseline	correct=False	exec=False
8	nu-1082	method=baseline	correct=True	exec=True
9	nu-648	method=baseline	correct=False	exec=True
10	nu-695	method=baseline	correct=False	exec=True
11	nu-2881	method=baseline	correct=False	exec=True
12	nu-862	method=baseline	correct=False	exec=False
13	nu-329	method=baseline	correct=True	exec=True
14	nu-2693	method=baseline	correct=True	exec=True
15	nu-3520	method=baseline	correct=True	exec=True
16	nu-1089	method=baseline	correct=True	exec=True
17	nu-2522	method=baseline	correct=False	exec=True
18	nu-64	method=baseline	correct=True	exec=True
19	nu-3692	method=baseline	correct=False	exec=False
20	nu-10	method=baseline	correct=True	exec=True
21	nu-4267	method=baseline	correct=True	exec=True
22	nu-3230	method=baseline	correct=True	exec=True
23	nu-4169	method=baseline	correct=False	exec=True
24	nu-1506	method=baseline	correct=True	exec=True
25	nu-2555	method=baseline	correct=False	exec=True
26	nu-13	method=baseline	correct=True	exec=True
27	nu-4147	method=baseline	correct=True	exec=True
28	nu-3053	method=baseline	correct=True	exec=True
29	nu-14	method=baseline	correct=False	exec=True
30	nu-2475	method=baseline	correct=True	exec=True
31	nu-355	method=baseline	correct=True	exec=True
32	nu-583	method=baseline	correct=True	exec=True
33	nu-2263	method=baseline	correct=True	exec=True
34	nu-1362	method=baseline	correct=True	exec=True
35	nu-3418	method=baseline	correct=True	exec=True
36	nu-2724	method=baseline	correct=True	exec=True
37	nu-2529	method=baseline	correct=True	exec=True
38	nu-1440	method=baseline	correct=True	exec=True
39	nu-1949	method=baseline	correct=True	exec=True
40	nu-597	method=baseline	correct=False	exec=True
41	nu-631	method=baseline	correct=True	exec=True
42	nu-4258	method=baseline	correct=True	exec=True
43	nu-1752	method=baseline	correct=True	exec=True
44	nu-1450	method=baseline	correct=True	exec=True
45	nu-211	method=baseline	correct=True	exec=True
46	nu-1641	method=baseline	correct=True	exec=True
47	nu-270	method=baseline	correct=False	exec=False
48	nu-3858	method=baseline	correct=True	exec=True
49	nu-2675	method=baseline	correct=False	exec=True
50	nu-1202	method=baseline	correct=False	exec=True
51	nu-1911	method=baseline	correct=False	exec=True
52	nu-4053	method=baseline	correct=False	exec=True
53	nu-667	method=baseline	correct=True	exec=True
54	nu-3619	method=baseline	correct=False	exec=False
55	nu-1034	method=baseline	correct=False	exec=False
56	nu-521	method=baseline	correct=True	exec=True
57	nu-1363	method=baseline	correct=False	exec=True
58	nu-493	method=baseline	correct=False	exec=False
59	nu-60	method=baseline	correct=False	exec=True
60	nu-1406	method=baseline	correct=False	exec=True
61	nu-263	method=baseline	correct=False	exec=True
62	nu-285	method=baseline	correct=True	exec=True
63	nu-3284	method=baseline	correct=True	exec=True
64	nu-663	method=baseline	correct=True	exec=True
65	nu-2732	method=baseline	correct=True	exec=True
66	nu-498	method=baseline	correct=False	exec=True
67	nu-952	method=baseline	correct=True	exec=True
68	nu-3372	method=baseline	correct=True	exec=True
69	nu-3430	method=baseline	correct=False	exec=True
70	nu-960	method=baseline	correct=True	exec=True
71	nu-795	method=baseline	correct=True	exec=True
72	nu-3576	method=baseline	correct=True	exec=True
73	nu-2327	method=baseline	correct=True	exec=True
74	nu-1540	method=baseline	correct=False	exec=False
75	nu-3880	method=baseline	correct=True	exec=True
76	nu-3458	method=baseline	correct=False	exec=True
77	nu-2340	method=baseline	correct=True	exec=True
78	nu-4307	method=baseline	correct=True	exec=True
79	nu-184	method=baseline	correct=True	exec=True
80	nu-2854	method=baseline	correct=True	exec=True
<generated>:13: SettingWithCopyWarning: 
A value is trying to be set on a copy of a slice from a DataFrame.
Try using .loc[row_indexer,col_indexer] = value instead

See the caveats in the documentation: https://pandas.pydata.org/pandas-docs/stable/user_guide/indexing.html#returning-a-view-versus-a-copy
<generated>:21: SettingWithCopyWarning: 
A value is trying to be set on a copy of a slice from a DataFrame.
Try using .loc[row_indexer,col_indexer] = value instead

See the caveats in the documentation: https://pandas.pydata.org/pandas-docs/stable/user_guide/indexing.html#returning-a-view-versus-a-copy
81	nu-621	method=baseline	correct=True	exec=True
82	nu-1030	method=baseline	correct=True	exec=True
83	nu-4010	method=baseline	correct=False	exec=False
84	nu-2504	method=baseline	correct=True	exec=True
85	nu-44	method=baseline	correct=True	exec=True
86	nu-233	method=baseline	correct=True	exec=True
87	nu-2806	method=baseline	correct=True	exec=True
88	nu-47	method=baseline	correct=True	exec=True
89	nu-2628	method=baseline	correct=True	exec=True
90	nu-2028	method=baseline	correct=True	exec=True
91	nu-517	method=baseline	correct=True	exec=True
92	nu-501	method=baseline	correct=True	exec=True
<generated>:5: SettingWithCopyWarning: 
A value is trying to be set on a copy of a slice from a DataFrame.
Try using .loc[row_indexer,col_indexer] = value instead

See the caveats in the documentation: https://pandas.pydata.org/pandas-docs/stable/user_guide/indexing.html#returning-a-view-versus-a-copy
93	nu-3219	method=baseline	correct=True	exec=True
<generated>:5: SettingWithCopyWarning: 
A value is trying to be set on a copy of a slice from a DataFrame.
Try using .loc[row_indexer,col_indexer] = value instead

See the caveats in the documentation: https://pandas.pydata.org/pandas-docs/stable/user_guide/indexing.html#returning-a-view-versus-a-copy
94	nu-2913	method=baseline	correct=False	exec=True
<generated>:5: SettingWithCopyWarning: 
A value is trying to be set on a copy of a slice from a DataFrame.
Try using .loc[row_indexer,col_indexer] = value instead

See the caveats in the documentation: https://pandas.pydata.org/pandas-docs/stable/user_guide/indexing.html#returning-a-view-versus-a-copy
95	nu-845	method=baseline	correct=True	exec=True
96	nu-52	method=baseline	correct=True	exec=True
97	nu-2147	method=baseline	correct=False	exec=True
98	nu-3810	method=baseline	correct=True	exec=True
99	nu-2201	method=baseline	correct=False	exec=True
/root/shared-nvme/wangjie/second_paper/paper1_reuse/wtq_utils/execute.py:108: FutureWarning: DataFrame.applymap has been deprecated. Use DataFrame.map instead.
  return df.applymap(to_numeric)
/root/shared-nvme/wangjie/second_paper/paper1_reuse/wtq_utils/execute.py:108: FutureWarning: DataFrame.applymap has been deprecated. Use DataFrame.map instead.
  return df.applymap(to_numeric)
/root/shared-nvme/wangjie/second_paper/paper1_reuse/wtq_utils/execute.py:108: FutureWarning: DataFrame.applymap has been deprecated. Use DataFrame.map instead.
  return df.applymap(to_numeric)
/root/shared-nvme/wangjie/second_paper/paper1_reuse/wtq_utils/execute.py:108: FutureWarning: DataFrame.applymap has been deprecated. Use DataFrame.map instead.
  return df.applymap(to_numeric)
/root/shared-nvme/wangjie/second_paper/paper1_reuse/wtq_utils/execute.py:108: FutureWarning: DataFrame.applymap has been deprecated. Use DataFrame.map instead.
  return df.applymap(to_numeric)
/root/shared-nvme/wangjie/second_paper/paper1_reuse/wtq_utils/execute.py:108: FutureWarning: DataFrame.applymap has been deprecated. Use DataFrame.map instead.
  return df.applymap(to_numeric)
/root/shared-nvme/wangjie/second_paper/paper1_reuse/wtq_utils/execute.py:108: FutureWarning: DataFrame.applymap has been deprecated. Use DataFrame.map instead.
  return df.applymap(to_numeric)
/root/shared-nvme/wangjie/second_paper/paper1_reuse/wtq_utils/execute.py:108: FutureWarning: DataFrame.applymap has been deprecated. Use DataFrame.map instead.
  return df.applymap(to_numeric)
/root/shared-nvme/wangjie/second_paper/paper1_reuse/wtq_utils/execute.py:108: FutureWarning: DataFrame.applymap has been deprecated. Use DataFrame.map instead.
  return df.applymap(to_numeric)
/root/shared-nvme/wangjie/second_paper/paper1_reuse/wtq_utils/execute.py:108: FutureWarning: DataFrame.applymap has been deprecated. Use DataFrame.map instead.
  return df.applymap(to_numeric)
/root/shared-nvme/wangjie/second_paper/paper1_reuse/wtq_utils/execute.py:108: FutureWarning: DataFrame.applymap has been deprecated. Use DataFrame.map instead.
  return df.applymap(to_numeric)
/root/shared-nvme/wangjie/second_paper/paper1_reuse/wtq_utils/execute.py:108: FutureWarning: DataFrame.applymap has been deprecated. Use DataFrame.map instead.
  return df.applymap(to_numeric)
/root/shared-nvme/wangjie/second_paper/paper1_reuse/wtq_utils/execute.py:108: FutureWarning: DataFrame.applymap has been deprecated. Use DataFrame.map instead.
  return df.applymap(to_numeric)
/root/shared-nvme/wangjie/second_paper/paper1_reuse/wtq_utils/execute.py:108: FutureWarning: DataFrame.applymap has been deprecated. Use DataFrame.map instead.
  return df.applymap(to_numeric)
/root/shared-nvme/wangjie/second_paper/paper1_reuse/wtq_utils/execute.py:108: FutureWarning: DataFrame.applymap has been deprecated. Use DataFrame.map instead.
  return df.applymap(to_numeric)
/root/shared-nvme/wangjie/second_paper/paper1_reuse/wtq_utils/execute.py:108: FutureWarning: DataFrame.applymap has been deprecated. Use DataFrame.map instead.
  return df.applymap(to_numeric)
/root/shared-nvme/wangjie/second_paper/paper1_reuse/wtq_utils/execute.py:108: FutureWarning: DataFrame.applymap has been deprecated. Use DataFrame.map instead.
  return df.applymap(to_numeric)
/root/shared-nvme/wangjie/second_paper/paper1_reuse/wtq_utils/execute.py:108: FutureWarning: DataFrame.applymap has been deprecated. Use DataFrame.map instead.
  return df.applymap(to_numeric)
/root/shared-nvme/wangjie/second_paper/paper1_reuse/wtq_utils/execute.py:108: FutureWarning: DataFrame.applymap has been deprecated. Use DataFrame.map instead.
  return df.applymap(to_numeric)
/root/shared-nvme/wangjie/second_paper/paper1_reuse/wtq_utils/execute.py:108: FutureWarning: DataFrame.applymap has been deprecated. Use DataFrame.map instead.
  return df.applymap(to_numeric)
/root/shared-nvme/wangjie/second_paper/paper1_reuse/wtq_utils/execute.py:108: FutureWarning: DataFrame.applymap has been deprecated. Use DataFrame.map instead.
  return df.applymap(to_numeric)
/root/shared-nvme/wangjie/second_paper/paper1_reuse/wtq_utils/execute.py:108: FutureWarning: DataFrame.applymap has been deprecated. Use DataFrame.map instead.
  return df.applymap(to_numeric)
/root/shared-nvme/wangjie/second_paper/paper1_reuse/wtq_utils/execute.py:108: FutureWarning: DataFrame.applymap has been deprecated. Use DataFrame.map instead.
  return df.applymap(to_numeric)
/root/shared-nvme/wangjie/second_paper/paper1_reuse/wtq_utils/execute.py:108: FutureWarning: DataFrame.applymap has been deprecated. Use DataFrame.map instead.
  return df.applymap(to_numeric)
/root/shared-nvme/wangjie/second_paper/paper1_reuse/wtq_utils/execute.py:108: FutureWarning: DataFrame.applymap has been deprecated. Use DataFrame.map instead.
  return df.applymap(to_numeric)
/root/shared-nvme/wangjie/second_paper/paper1_reuse/wtq_utils/execute.py:108: FutureWarning: DataFrame.applymap has been deprecated. Use DataFrame.map instead.
  return df.applymap(to_numeric)
/root/shared-nvme/wangjie/second_paper/paper1_reuse/wtq_utils/execute.py:108: FutureWarning: DataFrame.applymap has been deprecated. Use DataFrame.map instead.
  return df.applymap(to_numeric)
/root/shared-nvme/wangjie/second_paper/paper1_reuse/wtq_utils/execute.py:108: FutureWarning: DataFrame.applymap has been deprecated. Use DataFrame.map instead.
  return df.applymap(to_numeric)
/root/shared-nvme/wangjie/second_paper/paper1_reuse/wtq_utils/execute.py:108: FutureWarning: DataFrame.applymap has been deprecated. Use DataFrame.map instead.
  return df.applymap(to_numeric)
/root/shared-nvme/wangjie/second_paper/paper1_reuse/wtq_utils/execute.py:108: FutureWarning: DataFrame.applymap has been deprecated. Use DataFrame.map instead.
  return df.applymap(to_numeric)
/root/shared-nvme/wangjie/second_paper/paper1_reuse/wtq_utils/execute.py:108: FutureWarning: DataFrame.applymap has been deprecated. Use DataFrame.map instead.
  return df.applymap(to_numeric)
/root/shared-nvme/wangjie/second_paper/paper1_reuse/wtq_utils/execute.py:108: FutureWarning: DataFrame.applymap has been deprecated. Use DataFrame.map instead.
  return df.applymap(to_numeric)
/root/shared-nvme/wangjie/second_paper/paper1_reuse/wtq_utils/execute.py:108: FutureWarning: DataFrame.applymap has been deprecated. Use DataFrame.map instead.
  return df.applymap(to_numeric)
/root/shared-nvme/wangjie/second_paper/paper1_reuse/wtq_utils/execute.py:108: FutureWarning: DataFrame.applymap has been deprecated. Use DataFrame.map instead.
  return df.applymap(to_numeric)
/root/shared-nvme/wangjie/second_paper/paper1_reuse/wtq_utils/execute.py:108: FutureWarning: DataFrame.applymap has been deprecated. Use DataFrame.map instead.
  return df.applymap(to_numeric)
/root/shared-nvme/wangjie/second_paper/paper1_reuse/wtq_utils/execute.py:108: FutureWarning: DataFrame.applymap has been deprecated. Use DataFrame.map instead.
  return df.applymap(to_numeric)
/root/shared-nvme/wangjie/second_paper/paper1_reuse/wtq_utils/execute.py:108: FutureWarning: DataFrame.applymap has been deprecated. Use DataFrame.map instead.
  return df.applymap(to_numeric)
/root/shared-nvme/wangjie/second_paper/paper1_reuse/wtq_utils/execute.py:108: FutureWarning: DataFrame.applymap has been deprecated. Use DataFrame.map instead.
  return df.applymap(to_numeric)
/root/shared-nvme/wangjie/second_paper/paper1_reuse/wtq_utils/execute.py:108: FutureWarning: DataFrame.applymap has been deprecated. Use DataFrame.map instead.
  return df.applymap(to_numeric)
/root/shared-nvme/wangjie/second_paper/paper1_reuse/wtq_utils/execute.py:108: FutureWarning: DataFrame.applymap has been deprecated. Use DataFrame.map instead.
  return df.applymap(to_numeric)
/root/shared-nvme/wangjie/second_paper/paper1_reuse/wtq_utils/execute.py:108: FutureWarning: DataFrame.applymap has been deprecated. Use DataFrame.map instead.
  return df.applymap(to_numeric)
/root/shared-nvme/wangjie/second_paper/paper1_reuse/wtq_utils/execute.py:108: FutureWarning: DataFrame.applymap has been deprecated. Use DataFrame.map instead.
  return df.applymap(to_numeric)
/root/shared-nvme/wangjie/second_paper/paper1_reuse/wtq_utils/execute.py:108: FutureWarning: DataFrame.applymap has been deprecated. Use DataFrame.map instead.
  return df.applymap(to_numeric)
/root/shared-nvme/wangjie/second_paper/paper1_reuse/wtq_utils/execute.py:108: FutureWarning: DataFrame.applymap has been deprecated. Use DataFrame.map instead.
  return df.applymap(to_numeric)
/root/shared-nvme/wangjie/second_paper/paper1_reuse/wtq_utils/execute.py:108: FutureWarning: DataFrame.applymap has been deprecated. Use DataFrame.map instead.
  return df.applymap(to_numeric)
/root/shared-nvme/wangjie/second_paper/paper1_reuse/wtq_utils/execute.py:108: FutureWarning: DataFrame.applymap has been deprecated. Use DataFrame.map instead.
  return df.applymap(to_numeric)
/root/shared-nvme/wangjie/second_paper/paper1_reuse/wtq_utils/execute.py:108: FutureWarning: DataFrame.applymap has been deprecated. Use DataFrame.map instead.
  return df.applymap(to_numeric)
/root/shared-nvme/wangjie/second_paper/paper1_reuse/wtq_utils/execute.py:108: FutureWarning: DataFrame.applymap has been deprecated. Use DataFrame.map instead.
  return df.applymap(to_numeric)
/root/shared-nvme/wangjie/second_paper/paper1_reuse/wtq_utils/execute.py:108: FutureWarning: DataFrame.applymap has been deprecated. Use DataFrame.map instead.
  return df.applymap(to_numeric)
/root/shared-nvme/wangjie/second_paper/paper1_reuse/wtq_utils/execute.py:108: FutureWarning: DataFrame.applymap has been deprecated. Use DataFrame.map instead.
  return df.applymap(to_numeric)
/root/shared-nvme/wangjie/second_paper/paper1_reuse/wtq_utils/execute.py:108: FutureWarning: DataFrame.applymap has been deprecated. Use DataFrame.map instead.
  return df.applymap(to_numeric)
0	nu-2928	method=audit	correct=True	exec=True
1	nu-0	method=audit	correct=False	exec=True
2	nu-1	method=audit	correct=False	exec=True
3	nu-2348	method=audit	correct=True	exec=True
4	nu-488	method=audit	correct=True	exec=True
5	nu-2140	method=audit	correct=True	exec=True
6	nu-752	method=audit	correct=True	exec=True
7	nu-201	method=audit	correct=False	exec=False
8	nu-1082	method=audit	correct=True	exec=True
9	nu-648	method=audit	correct=False	exec=True
10	nu-695	method=audit	correct=False	exec=True
11	nu-2881	method=audit	correct=False	exec=True
12	nu-862	method=audit	correct=True	exec=True
13	nu-329	method=audit	correct=True	exec=True
14	nu-2693	method=audit	correct=False	exec=True
15	nu-3520	method=audit	correct=True	exec=True
16	nu-1089	method=audit	correct=True	exec=True
17	nu-2522	method=audit	correct=False	exec=True
18	nu-64	method=audit	correct=True	exec=True
19	nu-3692	method=audit	correct=False	exec=False
20	nu-10	method=audit	correct=True	exec=True
21	nu-4267	method=audit	correct=True	exec=True
22	nu-3230	method=audit	correct=True	exec=True
23	nu-4169	method=audit	correct=False	exec=True
24	nu-1506	method=audit	correct=True	exec=True
25	nu-2555	method=audit	correct=False	exec=True
26	nu-13	method=audit	correct=True	exec=True
27	nu-4147	method=audit	correct=True	exec=True
28	nu-3053	method=audit	correct=True	exec=True
29	nu-14	method=audit	correct=False	exec=True
30	nu-2475	method=audit	correct=True	exec=True
31	nu-355	method=audit	correct=True	exec=True
32	nu-583	method=audit	correct=True	exec=True
33	nu-2263	method=audit	correct=True	exec=True
34	nu-1362	method=audit	correct=False	exec=False
35	nu-3418	method=audit	correct=True	exec=True
36	nu-2724	method=audit	correct=True	exec=True
37	nu-2529	method=audit	correct=True	exec=True
38	nu-1440	method=audit	correct=False	exec=False
39	nu-1949	method=audit	correct=False	exec=True
40	nu-597	method=audit	correct=False	exec=True
41	nu-631	method=audit	correct=True	exec=True
42	nu-4258	method=audit	correct=True	exec=True
43	nu-1752	method=audit	correct=True	exec=True
44	nu-1450	method=audit	correct=False	exec=True
45	nu-211	method=audit	correct=True	exec=True
46	nu-1641	method=audit	correct=True	exec=True
47	nu-270	method=audit	correct=False	exec=False
48	nu-3858	method=audit	correct=False	exec=True
49	nu-2675	method=audit	correct=False	exec=True
50	nu-1202	method=audit	correct=False	exec=True
51	nu-1911	method=audit	correct=False	exec=True
52	nu-4053	method=audit	correct=False	exec=True
53	nu-667	method=audit	correct=True	exec=True
54	nu-3619	method=audit	correct=True	exec=True
55	nu-1034	method=audit	correct=True	exec=True
56	nu-521	method=audit	correct=True	exec=True
57	nu-1363	method=audit	correct=True	exec=True
58	nu-493	method=audit	correct=False	exec=False
59	nu-60	method=audit	correct=False	exec=False
60	nu-1406	method=audit	correct=False	exec=True
61	nu-263	method=audit	correct=False	exec=True
62	nu-285	method=audit	correct=True	exec=True
63	nu-3284	method=audit	correct=True	exec=True
64	nu-663	method=audit	correct=True	exec=True
65	nu-2732	method=audit	correct=True	exec=True
66	nu-498	method=audit	correct=True	exec=True
67	nu-952	method=audit	correct=True	exec=True
68	nu-3372	method=audit	correct=True	exec=True
69	nu-3430	method=audit	correct=False	exec=True
70	nu-960	method=audit	correct=True	exec=True
71	nu-795	method=audit	correct=True	exec=True
72	nu-3576	method=audit	correct=True	exec=True
73	nu-2327	method=audit	correct=True	exec=True
74	nu-1540	method=audit	correct=False	exec=False
75	nu-3880	method=audit	correct=True	exec=True
76	nu-3458	method=audit	correct=True	exec=True
77	nu-2340	method=audit	correct=True	exec=True
78	nu-4307	method=audit	correct=True	exec=True
79	nu-184	method=audit	correct=True	exec=True
80	nu-2854	method=audit	correct=True	exec=True
<generated>:6: SettingWithCopyWarning: 
A value is trying to be set on a copy of a slice from a DataFrame.
Try using .loc[row_indexer,col_indexer] = value instead

See the caveats in the documentation: https://pandas.pydata.org/pandas-docs/stable/user_guide/indexing.html#returning-a-view-versus-a-copy
<generated>:15: SettingWithCopyWarning: 
A value is trying to be set on a copy of a slice from a DataFrame.
Try using .loc[row_indexer,col_indexer] = value instead

See the caveats in the documentation: https://pandas.pydata.org/pandas-docs/stable/user_guide/indexing.html#returning-a-view-versus-a-copy
81	nu-621	method=audit	correct=True	exec=True
82	nu-1030	method=audit	correct=True	exec=True
83	nu-4010	method=audit	correct=False	exec=False
84	nu-2504	method=audit	correct=True	exec=True
<generated>:5: SettingWithCopyWarning: 
A value is trying to be set on a copy of a slice from a DataFrame.
Try using .loc[row_indexer,col_indexer] = value instead

See the caveats in the documentation: https://pandas.pydata.org/pandas-docs/stable/user_guide/indexing.html#returning-a-view-versus-a-copy
<generated>:8: SettingWithCopyWarning: 
A value is trying to be set on a copy of a slice from a DataFrame.
Try using .loc[row_indexer,col_indexer] = value instead

See the caveats in the documentation: https://pandas.pydata.org/pandas-docs/stable/user_guide/indexing.html#returning-a-view-versus-a-copy
<generated>:5: SettingWithCopyWarning: 
A value is trying to be set on a copy of a slice from a DataFrame.
Try using .loc[row_indexer,col_indexer] = value instead

See the caveats in the documentation: https://pandas.pydata.org/pandas-docs/stable/user_guide/indexing.html#returning-a-view-versus-a-copy
<generated>:8: SettingWithCopyWarning: 
A value is trying to be set on a copy of a slice from a DataFrame.
Try using .loc[row_indexer,col_indexer] = value instead

See the caveats in the documentation: https://pandas.pydata.org/pandas-docs/stable/user_guide/indexing.html#returning-a-view-versus-a-copy
85	nu-44	method=audit	correct=True	exec=True
86	nu-233	method=audit	correct=True	exec=True
87	nu-2806	method=audit	correct=True	exec=True
88	nu-47	method=audit	correct=True	exec=True
89	nu-2628	method=audit	correct=True	exec=True
90	nu-2028	method=audit	correct=True	exec=True
91	nu-517	method=audit	correct=True	exec=True
92	nu-501	method=audit	correct=True	exec=True
<generated>:5: SettingWithCopyWarning: 
A value is trying to be set on a copy of a slice from a DataFrame.
Try using .loc[row_indexer,col_indexer] = value instead

See the caveats in the documentation: https://pandas.pydata.org/pandas-docs/stable/user_guide/indexing.html#returning-a-view-versus-a-copy
<generated>:5: SettingWithCopyWarning: 
A value is trying to be set on a copy of a slice from a DataFrame.
Try using .loc[row_indexer,col_indexer] = value instead

See the caveats in the documentation: https://pandas.pydata.org/pandas-docs/stable/user_guide/indexing.html#returning-a-view-versus-a-copy
93	nu-3219	method=audit	correct=False	exec=True
<generated>:5: SettingWithCopyWarning: 
A value is trying to be set on a copy of a slice from a DataFrame.
Try using .loc[row_indexer,col_indexer] = value instead

See the caveats in the documentation: https://pandas.pydata.org/pandas-docs/stable/user_guide/indexing.html#returning-a-view-versus-a-copy
<generated>:5: SettingWithCopyWarning: 
A value is trying to be set on a copy of a slice from a DataFrame.
Try using .loc[row_indexer,col_indexer] = value instead

See the caveats in the documentation: https://pandas.pydata.org/pandas-docs/stable/user_guide/indexing.html#returning-a-view-versus-a-copy
94	nu-2913	method=audit	correct=False	exec=True
<generated>:6: SettingWithCopyWarning: 
A value is trying to be set on a copy of a slice from a DataFrame.
Try using .loc[row_indexer,col_indexer] = value instead

See the caveats in the documentation: https://pandas.pydata.org/pandas-docs/stable/user_guide/indexing.html#returning-a-view-versus-a-copy
95	nu-845	method=audit	correct=True	exec=True
96	nu-52	method=audit	correct=False	exec=True
97	nu-2147	method=audit	correct=False	exec=True
98	nu-3810	method=audit	correct=True	exec=True
99	nu-2201	method=audit	correct=True	exec=True
/root/shared-nvme/wangjie/second_paper/paper1_reuse/wtq_utils/execute.py:108: FutureWarning: DataFrame.applymap has been deprecated. Use DataFrame.map instead.
  return df.applymap(to_numeric)
/root/shared-nvme/wangjie/second_paper/paper1_reuse/wtq_utils/execute.py:108: FutureWarning: DataFrame.applymap has been deprecated. Use DataFrame.map instead.
  return df.applymap(to_numeric)
/root/shared-nvme/wangjie/second_paper/paper1_reuse/wtq_utils/execute.py:108: FutureWarning: DataFrame.applymap has been deprecated. Use DataFrame.map instead.
  return df.applymap(to_numeric)
/root/shared-nvme/wangjie/second_paper/paper1_reuse/wtq_utils/execute.py:108: FutureWarning: DataFrame.applymap has been deprecated. Use DataFrame.map instead.
  return df.applymap(to_numeric)
/root/shared-nvme/wangjie/second_paper/paper1_reuse/wtq_utils/execute.py:108: FutureWarning: DataFrame.applymap has been deprecated. Use DataFrame.map instead.
  return df.applymap(to_numeric)
/root/shared-nvme/wangjie/second_paper/paper1_reuse/wtq_utils/execute.py:108: FutureWarning: DataFrame.applymap has been deprecated. Use DataFrame.map instead.
  return df.applymap(to_numeric)
/root/shared-nvme/wangjie/second_paper/paper1_reuse/wtq_utils/execute.py:108: FutureWarning: DataFrame.applymap has been deprecated. Use DataFrame.map instead.
  return df.applymap(to_numeric)
/root/shared-nvme/wangjie/second_paper/paper1_reuse/wtq_utils/execute.py:108: FutureWarning: DataFrame.applymap has been deprecated. Use DataFrame.map instead.
  return df.applymap(to_numeric)
/root/shared-nvme/wangjie/second_paper/paper1_reuse/wtq_utils/execute.py:108: FutureWarning: DataFrame.applymap has been deprecated. Use DataFrame.map instead.
  return df.applymap(to_numeric)
/root/shared-nvme/wangjie/second_paper/paper1_reuse/wtq_utils/execute.py:108: FutureWarning: DataFrame.applymap has been deprecated. Use DataFrame.map instead.
  return df.applymap(to_numeric)
/root/shared-nvme/wangjie/second_paper/paper1_reuse/wtq_utils/execute.py:108: FutureWarning: DataFrame.applymap has been deprecated. Use DataFrame.map instead.
  return df.applymap(to_numeric)
/root/shared-nvme/wangjie/second_paper/paper1_reuse/wtq_utils/execute.py:108: FutureWarning: DataFrame.applymap has been deprecated. Use DataFrame.map instead.
  return df.applymap(to_numeric)
/root/shared-nvme/wangjie/second_paper/paper1_reuse/wtq_utils/execute.py:108: FutureWarning: DataFrame.applymap has been deprecated. Use DataFrame.map instead.
  return df.applymap(to_numeric)
/root/shared-nvme/wangjie/second_paper/paper1_reuse/wtq_utils/execute.py:108: FutureWarning: DataFrame.applymap has been deprecated. Use DataFrame.map instead.
  return df.applymap(to_numeric)
/root/shared-nvme/wangjie/second_paper/paper1_reuse/wtq_utils/execute.py:108: FutureWarning: DataFrame.applymap has been deprecated. Use DataFrame.map instead.
  return df.applymap(to_numeric)
/root/shared-nvme/wangjie/second_paper/paper1_reuse/wtq_utils/execute.py:108: FutureWarning: DataFrame.applymap has been deprecated. Use DataFrame.map instead.
  return df.applymap(to_numeric)
/root/shared-nvme/wangjie/second_paper/paper1_reuse/wtq_utils/execute.py:108: FutureWarning: DataFrame.applymap has been deprecated. Use DataFrame.map instead.
  return df.applymap(to_numeric)
/root/shared-nvme/wangjie/second_paper/paper1_reuse/wtq_utils/execute.py:108: FutureWarning: DataFrame.applymap has been deprecated. Use DataFrame.map instead.
  return df.applymap(to_numeric)
/root/shared-nvme/wangjie/second_paper/paper1_reuse/wtq_utils/execute.py:108: FutureWarning: DataFrame.applymap has been deprecated. Use DataFrame.map instead.
  return df.applymap(to_numeric)
/root/shared-nvme/wangjie/second_paper/paper1_reuse/wtq_utils/execute.py:108: FutureWarning: DataFrame.applymap has been deprecated. Use DataFrame.map instead.
  return df.applymap(to_numeric)
/root/shared-nvme/wangjie/second_paper/paper1_reuse/wtq_utils/execute.py:108: FutureWarning: DataFrame.applymap has been deprecated. Use DataFrame.map instead.
  return df.applymap(to_numeric)
/root/shared-nvme/wangjie/second_paper/paper1_reuse/wtq_utils/execute.py:108: FutureWarning: DataFrame.applymap has been deprecated. Use DataFrame.map instead.
  return df.applymap(to_numeric)
/root/shared-nvme/wangjie/second_paper/paper1_reuse/wtq_utils/execute.py:108: FutureWarning: DataFrame.applymap has been deprecated. Use DataFrame.map instead.
  return df.applymap(to_numeric)
/root/shared-nvme/wangjie/second_paper/paper1_reuse/wtq_utils/execute.py:108: FutureWarning: DataFrame.applymap has been deprecated. Use DataFrame.map instead.
  return df.applymap(to_numeric)
/root/shared-nvme/wangjie/second_paper/paper1_reuse/wtq_utils/execute.py:108: FutureWarning: DataFrame.applymap has been deprecated. Use DataFrame.map instead.
  return df.applymap(to_numeric)
/root/shared-nvme/wangjie/second_paper/paper1_reuse/wtq_utils/execute.py:108: FutureWarning: DataFrame.applymap has been deprecated. Use DataFrame.map instead.
  return df.applymap(to_numeric)
/root/shared-nvme/wangjie/second_paper/paper1_reuse/wtq_utils/execute.py:108: FutureWarning: DataFrame.applymap has been deprecated. Use DataFrame.map instead.
  return df.applymap(to_numeric)
/root/shared-nvme/wangjie/second_paper/paper1_reuse/wtq_utils/execute.py:108: FutureWarning: DataFrame.applymap has been deprecated. Use DataFrame.map instead.
  return df.applymap(to_numeric)
/root/shared-nvme/wangjie/second_paper/paper1_reuse/wtq_utils/execute.py:108: FutureWarning: DataFrame.applymap has been deprecated. Use DataFrame.map instead.
  return df.applymap(to_numeric)
/root/shared-nvme/wangjie/second_paper/paper1_reuse/wtq_utils/execute.py:108: FutureWarning: DataFrame.applymap has been deprecated. Use DataFrame.map instead.
  return df.applymap(to_numeric)
/root/shared-nvme/wangjie/second_paper/paper1_reuse/wtq_utils/execute.py:108: FutureWarning: DataFrame.applymap has been deprecated. Use DataFrame.map instead.
  return df.applymap(to_numeric)
/root/shared-nvme/wangjie/second_paper/paper1_reuse/wtq_utils/execute.py:108: FutureWarning: DataFrame.applymap has been deprecated. Use DataFrame.map instead.
  return df.applymap(to_numeric)
/root/shared-nvme/wangjie/second_paper/paper1_reuse/wtq_utils/execute.py:108: FutureWarning: DataFrame.applymap has been deprecated. Use DataFrame.map instead.
  return df.applymap(to_numeric)
/root/shared-nvme/wangjie/second_paper/paper1_reuse/wtq_utils/execute.py:108: FutureWarning: DataFrame.applymap has been deprecated. Use DataFrame.map instead.
  return df.applymap(to_numeric)
/root/shared-nvme/wangjie/second_paper/paper1_reuse/wtq_utils/execute.py:108: FutureWarning: DataFrame.applymap has been deprecated. Use DataFrame.map instead.
  return df.applymap(to_numeric)
/root/shared-nvme/wangjie/second_paper/paper1_reuse/wtq_utils/execute.py:108: FutureWarning: DataFrame.applymap has been deprecated. Use DataFrame.map instead.
  return df.applymap(to_numeric)
/root/shared-nvme/wangjie/second_paper/paper1_reuse/wtq_utils/execute.py:108: FutureWarning: DataFrame.applymap has been deprecated. Use DataFrame.map instead.
  return df.applymap(to_numeric)
/root/shared-nvme/wangjie/second_paper/paper1_reuse/wtq_utils/execute.py:108: FutureWarning: DataFrame.applymap has been deprecated. Use DataFrame.map instead.
  return df.applymap(to_numeric)
/root/shared-nvme/wangjie/second_paper/paper1_reuse/wtq_utils/execute.py:108: FutureWarning: DataFrame.applymap has been deprecated. Use DataFrame.map instead.
  return df.applymap(to_numeric)
/root/shared-nvme/wangjie/second_paper/paper1_reuse/wtq_utils/execute.py:108: FutureWarning: DataFrame.applymap has been deprecated. Use DataFrame.map instead.
  return df.applymap(to_numeric)
/root/shared-nvme/wangjie/second_paper/paper1_reuse/wtq_utils/execute.py:108: FutureWarning: DataFrame.applymap has been deprecated. Use DataFrame.map instead.
  return df.applymap(to_numeric)
/root/shared-nvme/wangjie/second_paper/paper1_reuse/wtq_utils/execute.py:108: FutureWarning: DataFrame.applymap has been deprecated. Use DataFrame.map instead.
  return df.applymap(to_numeric)
/root/shared-nvme/wangjie/second_paper/paper1_reuse/wtq_utils/execute.py:108: FutureWarning: DataFrame.applymap has been deprecated. Use DataFrame.map instead.
  return df.applymap(to_numeric)
/root/shared-nvme/wangjie/second_paper/paper1_reuse/wtq_utils/execute.py:108: FutureWarning: DataFrame.applymap has been deprecated. Use DataFrame.map instead.
  return df.applymap(to_numeric)
/root/shared-nvme/wangjie/second_paper/paper1_reuse/wtq_utils/execute.py:108: FutureWarning: DataFrame.applymap has been deprecated. Use DataFrame.map instead.
  return df.applymap(to_numeric)
/root/shared-nvme/wangjie/second_paper/paper1_reuse/wtq_utils/execute.py:108: FutureWarning: DataFrame.applymap has been deprecated. Use DataFrame.map instead.
  return df.applymap(to_numeric)
/root/shared-nvme/wangjie/second_paper/paper1_reuse/wtq_utils/execute.py:108: FutureWarning: DataFrame.applymap has been deprecated. Use DataFrame.map instead.
  return df.applymap(to_numeric)
/root/shared-nvme/wangjie/second_paper/paper1_reuse/wtq_utils/execute.py:108: FutureWarning: DataFrame.applymap has been deprecated. Use DataFrame.map instead.
  return df.applymap(to_numeric)
/root/shared-nvme/wangjie/second_paper/paper1_reuse/wtq_utils/execute.py:108: FutureWarning: DataFrame.applymap has been deprecated. Use DataFrame.map instead.
  return df.applymap(to_numeric)
/root/shared-nvme/wangjie/second_paper/paper1_reuse/wtq_utils/execute.py:108: FutureWarning: DataFrame.applymap has been deprecated. Use DataFrame.map instead.
  return df.applymap(to_numeric)
/root/shared-nvme/wangjie/second_paper/paper1_reuse/wtq_utils/execute.py:108: FutureWarning: DataFrame.applymap has been deprecated. Use DataFrame.map instead.
  return df.applymap(to_numeric)
0	nu-2928	method=agreement	correct=True	exec=True
1	nu-0	method=llm_selector	correct=False	exec=True
2	nu-1	method=dp_grounded_numeric	correct=True	exec=True
3	nu-2348	method=agreement	correct=True	exec=True
4	nu-488	method=agreement	correct=True	exec=True
5	nu-2140	method=agreement	correct=True	exec=True
6	nu-752	method=agreement	correct=True	exec=True
7	nu-201	method=dp_only	correct=True	exec=False
8	nu-1082	method=agreement	correct=True	exec=True
9	nu-648	method=llm_selector	correct=True	exec=True
10	nu-695	method=agent_grounded_value	correct=True	exec=True
11	nu-2881	method=llm_selector	correct=True	exec=True
12	nu-862	method=agreement	correct=True	exec=True
13	nu-329	method=agreement	correct=True	exec=True
14	nu-2693	method=llm_selector	correct=True	exec=True
15	nu-3520	method=dp_only	correct=True	exec=True
16	nu-1089	method=agreement	correct=True	exec=True
17	nu-2522	method=agreement	correct=False	exec=True
18	nu-64	method=agreement	correct=True	exec=True
19	nu-3692	method=dp_only	correct=True	exec=False
20	nu-10	method=llm_selector	correct=False	exec=True
21	nu-4267	method=agreement	correct=True	exec=True
22	nu-3230	method=agreement	correct=True	exec=True
23	nu-4169	method=agreement	correct=False	exec=True
24	nu-1506	method=agreement	correct=True	exec=True
25	nu-2555	method=dp_only	correct=True	exec=True
26	nu-13	method=agreement	correct=True	exec=True
27	nu-4147	method=agreement	correct=True	exec=True
28	nu-3053	method=agreement	correct=True	exec=True
29	nu-14	method=dp_only	correct=True	exec=True
30	nu-2475	method=agreement	correct=True	exec=True
31	nu-355	method=agreement	correct=True	exec=True
32	nu-583	method=llm_selector	correct=True	exec=True
33	nu-2263	method=agreement	correct=True	exec=True
34	nu-1362	method=agreement	correct=True	exec=True
35	nu-3418	method=agreement	correct=True	exec=True
36	nu-2724	method=agent_numeric_route	correct=True	exec=True
37	nu-2529	method=agreement	correct=True	exec=True
38	nu-1440	method=dp_only	correct=False	exec=False
39	nu-1949	method=dp_only	correct=True	exec=True
40	nu-597	method=llm_selector	correct=False	exec=True
41	nu-631	method=agreement	correct=True	exec=True
42	nu-4258	method=agreement	correct=True	exec=True
43	nu-1752	method=agreement	correct=True	exec=True
44	nu-1450	method=agreement	correct=True	exec=True
45	nu-211	method=agreement	correct=True	exec=True
46	nu-1641	method=agreement	correct=True	exec=True
47	nu-270	method=dp_only	correct=True	exec=False
48	nu-3858	method=agreement	correct=True	exec=True
49	nu-2675	method=agent_numeric_route	correct=False	exec=True
50	nu-1202	method=llm_selector	correct=False	exec=True
51	nu-1911	method=agent_numeric_route	correct=False	exec=True
52	nu-4053	method=agent_numeric_route	correct=False	exec=True
53	nu-667	method=agreement	correct=True	exec=True
54	nu-3619	method=dp_only	correct=True	exec=False
55	nu-1034	method=dp_only	correct=True	exec=False
56	nu-521	method=agreement	correct=True	exec=True
57	nu-1363	method=dp_only	correct=True	exec=True
58	nu-493	method=dp_only	correct=True	exec=False
59	nu-60	method=dp_only	correct=True	exec=True
60	nu-1406	method=agent_numeric_route	correct=False	exec=True
61	nu-263	method=agent_numeric_route	correct=False	exec=True
62	nu-285	method=agreement	correct=True	exec=True
63	nu-3284	method=agreement	correct=True	exec=True
64	nu-663	method=agreement	correct=True	exec=True
65	nu-2732	method=agreement	correct=True	exec=True
66	nu-498	method=agreement	correct=True	exec=True
67	nu-952	method=agreement	correct=True	exec=True
68	nu-3372	method=agreement	correct=True	exec=True
69	nu-3430	method=agent_numeric_route	correct=False	exec=True
70	nu-960	method=agreement	correct=True	exec=True
71	nu-795	method=llm_selector	correct=False	exec=True
72	nu-3576	method=agreement	correct=True	exec=True
73	nu-2327	method=agreement	correct=True	exec=True
74	nu-1540	method=dp_only	correct=False	exec=False
75	nu-3880	method=llm_selector	correct=True	exec=True
76	nu-3458	method=llm_selector	correct=True	exec=True
77	nu-2340	method=agreement	correct=True	exec=True
78	nu-4307	method=agreement	correct=True	exec=True
79	nu-184	method=agreement	correct=True	exec=True
80	nu-2854	method=agreement	correct=True	exec=True
81	nu-621	method=agreement	correct=True	exec=True
82	nu-1030	method=dp_only	correct=True	exec=False
83	nu-4010	method=dp_only	correct=False	exec=False
84	nu-2504	method=agent_grounded_value	correct=True	exec=True
<generated>:5: SettingWithCopyWarning: 
A value is trying to be set on a copy of a slice from a DataFrame.
Try using .loc[row_indexer,col_indexer] = value instead

See the caveats in the documentation: https://pandas.pydata.org/pandas-docs/stable/user_guide/indexing.html#returning-a-view-versus-a-copy
85	nu-44	method=agreement	correct=True	exec=True
86	nu-233	method=agreement	correct=True	exec=True
87	nu-2806	method=llm_selector	correct=True	exec=True
88	nu-47	method=agreement	correct=True	exec=True
89	nu-2628	method=agreement	correct=True	exec=True
90	nu-2028	method=agent_numeric_route	correct=True	exec=True
91	nu-517	method=agreement	correct=True	exec=True
92	nu-501	method=agent_numeric_route	correct=True	exec=True
<generated>:5: SettingWithCopyWarning: 
A value is trying to be set on a copy of a slice from a DataFrame.
Try using .loc[row_indexer,col_indexer] = value instead

See the caveats in the documentation: https://pandas.pydata.org/pandas-docs/stable/user_guide/indexing.html#returning-a-view-versus-a-copy
93	nu-3219	method=agreement	correct=True	exec=True
<generated>:5: SettingWithCopyWarning: 
A value is trying to be set on a copy of a slice from a DataFrame.
Try using .loc[row_indexer,col_indexer] = value instead

See the caveats in the documentation: https://pandas.pydata.org/pandas-docs/stable/user_guide/indexing.html#returning-a-view-versus-a-copy
94	nu-2913	method=llm_selector	correct=False	exec=True
<generated>:5: SettingWithCopyWarning: 
A value is trying to be set on a copy of a slice from a DataFrame.
Try using .loc[row_indexer,col_indexer] = value instead

See the caveats in the documentation: https://pandas.pydata.org/pandas-docs/stable/user_guide/indexing.html#returning-a-view-versus-a-copy
95	nu-845	method=agreement	correct=True	exec=True
96	nu-52	method=agreement	correct=True	exec=True
97	nu-2147	method=llm_selector	correct=True	exec=True
98	nu-3810	method=agreement	correct=True	exec=True
99	nu-2201	method=agreement	correct=True	exec=True
/root/shared-nvme/wangjie/second_paper/paper1_reuse/tabfact_utils/execute.py:133: FutureWarning: DataFrame.applymap has been deprecated. Use DataFrame.map instead.
  return df.applymap(to_numeric)
0	1-24560733-1.html.csv_q1	method=baseline	correct=True	exec=True
1	1-24560733-1.html.csv_q0	method=baseline	correct=True	exec=True
2	2-12523044-5.html.csv_q4	method=baseline	correct=True	exec=True
3	2-12523044-5.html.csv_q3	method=baseline	correct=True	exec=True
4	1-2126093-3.html.csv_q1	method=baseline	correct=True	exec=True
5	1-2126093-3.html.csv_q0	method=baseline	correct=False	exec=False
6	2-12582968-1.html.csv_q1	method=baseline	correct=True	exec=True
7	2-12582968-1.html.csv_q8	method=baseline	correct=False	exec=True
8	2-11545282-1.html.csv_q1	method=baseline	correct=True	exec=True
9	2-11545282-1.html.csv_q6	method=baseline	correct=True	exec=True
10	2-10826385-15.html.csv_q0	method=baseline	correct=True	exec=True
11	2-10826385-15.html.csv_q9	method=baseline	correct=False	exec=True
12	2-11051845-5.html.csv_q1	method=baseline	correct=False	exec=True
13	2-11051845-5.html.csv_q3	method=baseline	correct=True	exec=True
<generated>:24: SettingWithCopyWarning: 
A value is trying to be set on a copy of a slice from a DataFrame.
Try using .loc[row_indexer,col_indexer] = value instead

See the caveats in the documentation: https://pandas.pydata.org/pandas-docs/stable/user_guide/indexing.html#returning-a-view-versus-a-copy
<generated>:25: SettingWithCopyWarning: 
A value is trying to be set on a copy of a slice from a DataFrame.
Try using .loc[row_indexer,col_indexer] = value instead

See the caveats in the documentation: https://pandas.pydata.org/pandas-docs/stable/user_guide/indexing.html#returning-a-view-versus-a-copy
14	2-12206617-3.html.csv_q3	method=baseline	correct=False	exec=True
15	2-12206617-3.html.csv_q8	method=baseline	correct=False	exec=True
16	2-11545282-4.html.csv_q9	method=baseline	correct=True	exec=True
17	2-11545282-4.html.csv_q0	method=baseline	correct=True	exec=True
18	2-13312898-28.html.csv_q8	method=baseline	correct=True	exec=True
19	2-13312898-28.html.csv_q3	method=baseline	correct=True	exec=True
20	2-12423174-1.html.csv_q8	method=baseline	correct=True	exec=True
21	2-12423174-1.html.csv_q6	method=baseline	correct=True	exec=True
22	2-1122485-2.html.csv_q3	method=baseline	correct=True	exec=True
23	2-1122485-2.html.csv_q7	method=baseline	correct=True	exec=True
24	2-1564278-3.html.csv_q9	method=baseline	correct=True	exec=True
25	2-1564278-3.html.csv_q4	method=baseline	correct=True	exec=True
26	2-147235-16.html.csv_q0	method=baseline	correct=True	exec=True
27	2-147235-16.html.csv_q2	method=baseline	correct=True	exec=True
28	2-14369924-1.html.csv_q6	method=baseline	correct=True	exec=True
29	2-14369924-1.html.csv_q5	method=baseline	correct=True	exec=True
30	1-2933761-1.html.csv_q4	method=baseline	correct=True	exec=True
31	1-2933761-1.html.csv_q2	method=baseline	correct=True	exec=True
32	2-18409326-1.html.csv_q6	method=baseline	correct=True	exec=True
33	2-18409326-1.html.csv_q10	method=baseline	correct=True	exec=True
34	2-16299790-6.html.csv_q1	method=baseline	correct=True	exec=True
35	2-16299790-6.html.csv_q14	method=baseline	correct=True	exec=True
36	2-17438913-3.html.csv_q6	method=baseline	correct=True	exec=True
37	2-17438913-3.html.csv_q1	method=baseline	correct=True	exec=True
38	2-1111662-2.html.csv_q5	method=baseline	correct=True	exec=True
39	2-1111662-2.html.csv_q11	method=baseline	correct=True	exec=True
40	2-14101654-10.html.csv_q9	method=baseline	correct=True	exec=True
41	2-14101654-10.html.csv_q4	method=baseline	correct=False	exec=True
42	2-17514817-1.html.csv_q0	method=baseline	correct=True	exec=True
43	2-17514817-1.html.csv_q7	method=baseline	correct=True	exec=True
44	2-1520559-1.html.csv_q8	method=baseline	correct=True	exec=True
45	2-1520559-1.html.csv_q1	method=baseline	correct=True	exec=True
46	2-12206243-10.html.csv_q6	method=baseline	correct=True	exec=True
47	2-12206243-10.html.csv_q1	method=baseline	correct=True	exec=True
48	1-16168849-1.html.csv_q2	method=baseline	correct=True	exec=True
49	1-16168849-1.html.csv_q3	method=baseline	correct=False	exec=True
50	2-12758642-2.html.csv_q4	method=baseline	correct=True	exec=True
51	2-12758642-2.html.csv_q2	method=baseline	correct=True	exec=True
52	2-17634218-19.html.csv_q9	method=baseline	correct=True	exec=True
53	2-17634218-19.html.csv_q3	method=baseline	correct=True	exec=True
54	2-13135264-6.html.csv_q1	method=baseline	correct=False	exec=True
55	2-13135264-6.html.csv_q0	method=baseline	correct=False	exec=True
56	2-10167122-1.html.csv_q3	method=baseline	correct=True	exec=True
57	2-10167122-1.html.csv_q4	method=baseline	correct=False	exec=True
58	1-27755603-10.html.csv_q1	method=baseline	correct=True	exec=True
59	1-27755603-10.html.csv_q3	method=baseline	correct=True	exec=True
60	2-11692087-1.html.csv_q0	method=baseline	correct=True	exec=True
61	2-11692087-1.html.csv_q1	method=baseline	correct=True	exec=True
62	1-24319661-5.html.csv_q4	method=baseline	correct=True	exec=True
63	1-24319661-5.html.csv_q3	method=baseline	correct=True	exec=True
64	2-17486851-2.html.csv_q5	method=baseline	correct=True	exec=True
65	2-17486851-2.html.csv_q1	method=baseline	correct=True	exec=True
66	1-1341690-20.html.csv_q5	method=baseline	correct=True	exec=True
67	1-1341690-20.html.csv_q14	method=baseline	correct=True	exec=True
68	2-18160020-8.html.csv_q3	method=baseline	correct=True	exec=True
69	2-18160020-8.html.csv_q5	method=baseline	correct=True	exec=True
70	2-17915-12.html.csv_q4	method=baseline	correct=True	exec=True
71	2-17915-12.html.csv_q1	method=baseline	correct=True	exec=True
72	2-10944289-2.html.csv_q2	method=baseline	correct=True	exec=True
73	2-10944289-2.html.csv_q4	method=baseline	correct=True	exec=True
74	2-17150259-1.html.csv_q0	method=baseline	correct=True	exec=True
75	2-11677760-30.html.csv_q3	method=baseline	correct=True	exec=True
76	2-11677760-30.html.csv_q2	method=baseline	correct=True	exec=True
77	2-16369528-1.html.csv_q7	method=baseline	correct=True	exec=True
78	2-16369528-1.html.csv_q3	method=baseline	correct=False	exec=True
79	2-18332376-1.html.csv_q2	method=baseline	correct=False	exec=True
80	2-18332376-1.html.csv_q3	method=baseline	correct=True	exec=True
81	2-14609295-5.html.csv_q8	method=baseline	correct=True	exec=True
82	2-14609295-5.html.csv_q3	method=baseline	correct=True	exec=True
83	2-18496100-2.html.csv_q5	method=baseline	correct=True	exec=True
84	2-18496100-2.html.csv_q0	method=baseline	correct=True	exec=True
85	2-13312898-25.html.csv_q1	method=baseline	correct=True	exec=True
86	2-13312898-25.html.csv_q0	method=baseline	correct=True	exec=True
87	2-10773616-14.html.csv_q1	method=baseline	correct=True	exec=True
88	2-10773616-14.html.csv_q2	method=baseline	correct=True	exec=True
89	1-18522916-5.html.csv_q2	method=baseline	correct=True	exec=True
90	1-18522916-5.html.csv_q0	method=baseline	correct=True	exec=True
91	1-21696800-1.html.csv_q3	method=baseline	correct=True	exec=True
92	1-21696800-1.html.csv_q4	method=baseline	correct=True	exec=True
93	2-12825759-1.html.csv_q0	method=baseline	correct=True	exec=True
94	1-2140071-13.html.csv_q5	method=baseline	correct=True	exec=True
95	1-2140071-13.html.csv_q1	method=baseline	correct=True	exec=True
96	2-10824095-19.html.csv_q3	method=baseline	correct=True	exec=True
97	2-10824095-19.html.csv_q1	method=baseline	correct=True	exec=True
98	1-24239748-2.html.csv_q3	method=baseline	correct=True	exec=True
99	1-24239748-2.html.csv_q1	method=baseline	correct=True	exec=True
/root/shared-nvme/wangjie/second_paper/paper1_reuse/tabfact_utils/execute.py:133: FutureWarning: DataFrame.applymap has been deprecated. Use DataFrame.map instead.
  return df.applymap(to_numeric)
0	1-24560733-1.html.csv_q1	method=audit	correct=True	exec=True
1	1-24560733-1.html.csv_q0	method=audit	correct=True	exec=True
2	2-12523044-5.html.csv_q4	method=audit	correct=True	exec=True
3	2-12523044-5.html.csv_q3	method=audit	correct=True	exec=True
4	1-2126093-3.html.csv_q1	method=audit	correct=True	exec=True
5	1-2126093-3.html.csv_q0	method=audit	correct=False	exec=True
6	2-12582968-1.html.csv_q1	method=audit	correct=True	exec=True
7	2-12582968-1.html.csv_q8	method=audit	correct=False	exec=True
8	2-11545282-1.html.csv_q1	method=audit	correct=True	exec=True
9	2-11545282-1.html.csv_q6	method=audit	correct=True	exec=True
10	2-10826385-15.html.csv_q0	method=audit	correct=True	exec=True
11	2-10826385-15.html.csv_q9	method=audit	correct=False	exec=True
12	2-11051845-5.html.csv_q1	method=audit	correct=False	exec=True
13	2-11051845-5.html.csv_q3	method=audit	correct=True	exec=True
14	2-12206617-3.html.csv_q3	method=audit	correct=True	exec=True
15	2-12206617-3.html.csv_q8	method=audit	correct=False	exec=True
16	2-11545282-4.html.csv_q9	method=audit	correct=True	exec=True
17	2-11545282-4.html.csv_q0	method=audit	correct=True	exec=True
18	2-13312898-28.html.csv_q8	method=audit	correct=True	exec=True
19	2-13312898-28.html.csv_q3	method=audit	correct=True	exec=True
20	2-12423174-1.html.csv_q8	method=audit	correct=True	exec=True
21	2-12423174-1.html.csv_q6	method=audit	correct=True	exec=True
22	2-1122485-2.html.csv_q3	method=audit	correct=True	exec=True
23	2-1122485-2.html.csv_q7	method=audit	correct=False	exec=False
24	2-1564278-3.html.csv_q9	method=audit	correct=True	exec=True
25	2-1564278-3.html.csv_q4	method=audit	correct=True	exec=True
26	2-147235-16.html.csv_q0	method=audit	correct=True	exec=True
27	2-147235-16.html.csv_q2	method=audit	correct=True	exec=True
28	2-14369924-1.html.csv_q6	method=audit	correct=True	exec=True
29	2-14369924-1.html.csv_q5	method=audit	correct=True	exec=True
30	1-2933761-1.html.csv_q4	method=audit	correct=True	exec=True
31	1-2933761-1.html.csv_q2	method=audit	correct=True	exec=True
32	2-18409326-1.html.csv_q6	method=audit	correct=True	exec=True
33	2-18409326-1.html.csv_q10	method=audit	correct=True	exec=True
34	2-16299790-6.html.csv_q1	method=audit	correct=True	exec=True
35	2-16299790-6.html.csv_q14	method=audit	correct=True	exec=True
36	2-17438913-3.html.csv_q6	method=audit	correct=True	exec=True
37	2-17438913-3.html.csv_q1	method=audit	correct=True	exec=True
38	2-1111662-2.html.csv_q5	method=audit	correct=True	exec=True
39	2-1111662-2.html.csv_q11	method=audit	correct=False	exec=True
40	2-14101654-10.html.csv_q9	method=audit	correct=True	exec=True
41	2-14101654-10.html.csv_q4	method=audit	correct=False	exec=True
42	2-17514817-1.html.csv_q0	method=audit	correct=True	exec=True
43	2-17514817-1.html.csv_q7	method=audit	correct=True	exec=True
44	2-1520559-1.html.csv_q8	method=audit	correct=True	exec=True
45	2-1520559-1.html.csv_q1	method=audit	correct=True	exec=True
46	2-12206243-10.html.csv_q6	method=audit	correct=True	exec=True
47	2-12206243-10.html.csv_q1	method=audit	correct=True	exec=True
48	1-16168849-1.html.csv_q2	method=audit	correct=True	exec=True
49	1-16168849-1.html.csv_q3	method=audit	correct=True	exec=True
50	2-12758642-2.html.csv_q4	method=audit	correct=True	exec=True
51	2-12758642-2.html.csv_q2	method=audit	correct=False	exec=True
52	2-17634218-19.html.csv_q9	method=audit	correct=True	exec=True
53	2-17634218-19.html.csv_q3	method=audit	correct=True	exec=True
54	2-13135264-6.html.csv_q1	method=audit	correct=False	exec=True
55	2-13135264-6.html.csv_q0	method=audit	correct=True	exec=True
56	2-10167122-1.html.csv_q3	method=audit	correct=True	exec=True
57	2-10167122-1.html.csv_q4	method=audit	correct=True	exec=True
58	1-27755603-10.html.csv_q1	method=audit	correct=True	exec=True
59	1-27755603-10.html.csv_q3	method=audit	correct=True	exec=True
60	2-11692087-1.html.csv_q0	method=audit	correct=True	exec=True
61	2-11692087-1.html.csv_q1	method=audit	correct=False	exec=True
62	1-24319661-5.html.csv_q4	method=audit	correct=True	exec=True
63	1-24319661-5.html.csv_q3	method=audit	correct=True	exec=True
64	2-17486851-2.html.csv_q5	method=audit	correct=False	exec=True
65	2-17486851-2.html.csv_q1	method=audit	correct=True	exec=True
66	1-1341690-20.html.csv_q5	method=audit	correct=True	exec=True
67	1-1341690-20.html.csv_q14	method=audit	correct=False	exec=True
68	2-18160020-8.html.csv_q3	method=audit	correct=True	exec=True
69	2-18160020-8.html.csv_q5	method=audit	correct=True	exec=True
70	2-17915-12.html.csv_q4	method=audit	correct=True	exec=True
71	2-17915-12.html.csv_q1	method=audit	correct=False	exec=False
72	2-10944289-2.html.csv_q2	method=audit	correct=True	exec=True
73	2-10944289-2.html.csv_q4	method=audit	correct=True	exec=True
74	2-17150259-1.html.csv_q0	method=audit	correct=True	exec=True
75	2-11677760-30.html.csv_q3	method=audit	correct=True	exec=True
76	2-11677760-30.html.csv_q2	method=audit	correct=True	exec=True
77	2-16369528-1.html.csv_q7	method=audit	correct=True	exec=True
78	2-16369528-1.html.csv_q3	method=audit	correct=False	exec=True
79	2-18332376-1.html.csv_q2	method=audit	correct=False	exec=True
80	2-18332376-1.html.csv_q3	method=audit	correct=True	exec=True
81	2-14609295-5.html.csv_q8	method=audit	correct=True	exec=True
82	2-14609295-5.html.csv_q3	method=audit	correct=False	exec=True
83	2-18496100-2.html.csv_q5	method=audit	correct=True	exec=True
84	2-18496100-2.html.csv_q0	method=audit	correct=True	exec=True
85	2-13312898-25.html.csv_q1	method=audit	correct=True	exec=True
86	2-13312898-25.html.csv_q0	method=audit	correct=True	exec=True
87	2-10773616-14.html.csv_q1	method=audit	correct=True	exec=True
88	2-10773616-14.html.csv_q2	method=audit	correct=True	exec=True
89	1-18522916-5.html.csv_q2	method=audit	correct=True	exec=True
90	1-18522916-5.html.csv_q0	method=audit	correct=True	exec=True
91	1-21696800-1.html.csv_q3	method=audit	correct=True	exec=True
92	1-21696800-1.html.csv_q4	method=audit	correct=True	exec=True
93	2-12825759-1.html.csv_q0	method=audit	correct=True	exec=True
94	1-2140071-13.html.csv_q5	method=audit	correct=True	exec=True
95	1-2140071-13.html.csv_q1	method=audit	correct=True	exec=True
96	2-10824095-19.html.csv_q3	method=audit	correct=True	exec=True
97	2-10824095-19.html.csv_q1	method=audit	correct=True	exec=True
98	1-24239748-2.html.csv_q3	method=audit	correct=True	exec=True
99	1-24239748-2.html.csv_q1	method=audit	correct=True	exec=True
/root/shared-nvme/wangjie/second_paper/paper1_reuse/tabfact_utils/execute.py:133: FutureWarning: DataFrame.applymap has been deprecated. Use DataFrame.map instead.
  return df.applymap(to_numeric)
0	1-24560733-1.html.csv_q1	method=agreement	correct=True	exec=True
1	1-24560733-1.html.csv_q0	method=agreement	correct=True	exec=True
2	2-12523044-5.html.csv_q4	method=agreement	correct=True	exec=True
3	2-12523044-5.html.csv_q3	method=agreement	correct=True	exec=True
4	1-2126093-3.html.csv_q1	method=agreement	correct=True	exec=True
5	1-2126093-3.html.csv_q0	method=agreement	correct=False	exec=True
<generated>:9: SettingWithCopyWarning: 
A value is trying to be set on a copy of a slice from a DataFrame.
Try using .loc[row_indexer,col_indexer] = value instead

See the caveats in the documentation: https://pandas.pydata.org/pandas-docs/stable/user_guide/indexing.html#returning-a-view-versus-a-copy
6	2-12582968-1.html.csv_q1	method=agreement	correct=True	exec=True
7	2-12582968-1.html.csv_q8	method=agent_numeric_route	correct=False	exec=True
8	2-11545282-1.html.csv_q1	method=agreement	correct=True	exec=True
9	2-11545282-1.html.csv_q6	method=agreement	correct=True	exec=True
10	2-10826385-15.html.csv_q0	method=agreement	correct=True	exec=True
11	2-10826385-15.html.csv_q9	method=agreement	correct=False	exec=True
12	2-11051845-5.html.csv_q1	method=agreement	correct=False	exec=True
13	2-11051845-5.html.csv_q3	method=agreement	correct=True	exec=True
<generated>:27: SettingWithCopyWarning: 
A value is trying to be set on a copy of a slice from a DataFrame.
Try using .loc[row_indexer,col_indexer] = value instead

See the caveats in the documentation: https://pandas.pydata.org/pandas-docs/stable/user_guide/indexing.html#returning-a-view-versus-a-copy
14	2-12206617-3.html.csv_q3	method=agreement	correct=True	exec=True
15	2-12206617-3.html.csv_q8	method=llm_selector	correct=False	exec=True
16	2-11545282-4.html.csv_q9	method=agreement	correct=True	exec=True
17	2-11545282-4.html.csv_q0	method=agreement	correct=True	exec=True
18	2-13312898-28.html.csv_q8	method=agreement	correct=True	exec=True
19	2-13312898-28.html.csv_q3	method=agreement	correct=True	exec=True
20	2-12423174-1.html.csv_q8	method=agreement	correct=True	exec=True
21	2-12423174-1.html.csv_q6	method=agreement	correct=True	exec=True
22	2-1122485-2.html.csv_q3	method=llm_selector	correct=False	exec=True
23	2-1122485-2.html.csv_q7	method=dp_only	correct=True	exec=False
24	2-1564278-3.html.csv_q9	method=agreement	correct=True	exec=True
25	2-1564278-3.html.csv_q4	method=agreement	correct=True	exec=True
26	2-147235-16.html.csv_q0	method=agreement	correct=True	exec=True
27	2-147235-16.html.csv_q2	method=agreement	correct=True	exec=True
28	2-14369924-1.html.csv_q6	method=agreement	correct=True	exec=True
29	2-14369924-1.html.csv_q5	method=agreement	correct=True	exec=True
30	1-2933761-1.html.csv_q4	method=agreement	correct=True	exec=True
31	1-2933761-1.html.csv_q2	method=agreement	correct=True	exec=True
32	2-18409326-1.html.csv_q6	method=agreement	correct=True	exec=True
33	2-18409326-1.html.csv_q10	method=agreement	correct=True	exec=True
34	2-16299790-6.html.csv_q1	method=agreement	correct=True	exec=True
35	2-16299790-6.html.csv_q14	method=agreement	correct=True	exec=True
36	2-17438913-3.html.csv_q6	method=agreement	correct=True	exec=True
37	2-17438913-3.html.csv_q1	method=agreement	correct=True	exec=True
38	2-1111662-2.html.csv_q5	method=agreement	correct=True	exec=True
39	2-1111662-2.html.csv_q11	method=agreement	correct=True	exec=True
40	2-14101654-10.html.csv_q9	method=llm_selector	correct=True	exec=True
41	2-14101654-10.html.csv_q4	method=agreement	correct=False	exec=True
42	2-17514817-1.html.csv_q0	method=agreement	correct=True	exec=True
43	2-17514817-1.html.csv_q7	method=agreement	correct=True	exec=True
44	2-1520559-1.html.csv_q8	method=agreement	correct=True	exec=True
45	2-1520559-1.html.csv_q1	method=agreement	correct=True	exec=True
46	2-12206243-10.html.csv_q6	method=agreement	correct=True	exec=True
47	2-12206243-10.html.csv_q1	method=agreement	correct=True	exec=True
48	1-16168849-1.html.csv_q2	method=agreement	correct=True	exec=True
49	1-16168849-1.html.csv_q3	method=llm_selector	correct=True	exec=True
50	2-12758642-2.html.csv_q4	method=llm_selector	correct=False	exec=True
51	2-12758642-2.html.csv_q2	method=agreement	correct=True	exec=True
52	2-17634218-19.html.csv_q9	method=agreement	correct=True	exec=True
53	2-17634218-19.html.csv_q3	method=agreement	correct=True	exec=True
54	2-13135264-6.html.csv_q1	method=llm_selector	correct=True	exec=True
55	2-13135264-6.html.csv_q0	method=agreement	correct=True	exec=True
56	2-10167122-1.html.csv_q3	method=agreement	correct=True	exec=True
57	2-10167122-1.html.csv_q4	method=agreement	correct=True	exec=True
58	1-27755603-10.html.csv_q1	method=agreement	correct=True	exec=True
59	1-27755603-10.html.csv_q3	method=agreement	correct=True	exec=True
60	2-11692087-1.html.csv_q0	method=agreement	correct=True	exec=True
61	2-11692087-1.html.csv_q1	method=llm_selector	correct=True	exec=True
62	1-24319661-5.html.csv_q4	method=agreement	correct=True	exec=True
63	1-24319661-5.html.csv_q3	method=agreement	correct=True	exec=True
64	2-17486851-2.html.csv_q5	method=agreement	correct=True	exec=True
65	2-17486851-2.html.csv_q1	method=agreement	correct=True	exec=True
66	1-1341690-20.html.csv_q5	method=agreement	correct=True	exec=True
67	1-1341690-20.html.csv_q14	method=agreement	correct=True	exec=True
68	2-18160020-8.html.csv_q3	method=agreement	correct=True	exec=True
69	2-18160020-8.html.csv_q5	method=agreement	correct=True	exec=True
70	2-17915-12.html.csv_q4	method=agreement	correct=True	exec=True
71	2-17915-12.html.csv_q1	method=agreement	correct=True	exec=True
72	2-10944289-2.html.csv_q2	method=agreement	correct=True	exec=True
73	2-10944289-2.html.csv_q4	method=agreement	correct=True	exec=True
74	2-17150259-1.html.csv_q0	method=agreement	correct=True	exec=True
75	2-11677760-30.html.csv_q3	method=agreement	correct=True	exec=True
76	2-11677760-30.html.csv_q2	method=agreement	correct=True	exec=True
77	2-16369528-1.html.csv_q7	method=agreement	correct=True	exec=True
78	2-16369528-1.html.csv_q3	method=llm_selector	correct=True	exec=True
79	2-18332376-1.html.csv_q2	method=llm_selector	correct=True	exec=True
80	2-18332376-1.html.csv_q3	method=agreement	correct=True	exec=True
81	2-14609295-5.html.csv_q8	method=agreement	correct=True	exec=True
82	2-14609295-5.html.csv_q3	method=agreement	correct=True	exec=True
83	2-18496100-2.html.csv_q5	method=dp_only	correct=True	exec=True
84	2-18496100-2.html.csv_q0	method=agreement	correct=True	exec=True
85	2-13312898-25.html.csv_q1	method=agreement	correct=True	exec=True
86	2-13312898-25.html.csv_q0	method=agreement	correct=True	exec=True
87	2-10773616-14.html.csv_q1	method=agreement	correct=True	exec=True
88	2-10773616-14.html.csv_q2	method=agreement	correct=True	exec=True
89	1-18522916-5.html.csv_q2	method=agreement	correct=True	exec=True
90	1-18522916-5.html.csv_q0	method=agreement	correct=True	exec=True
91	1-21696800-1.html.csv_q3	method=agreement	correct=True	exec=True
92	1-21696800-1.html.csv_q4	method=agreement	correct=True	exec=True
93	2-12825759-1.html.csv_q0	method=agreement	correct=True	exec=True
94	1-2140071-13.html.csv_q5	method=agreement	correct=True	exec=True
95	1-2140071-13.html.csv_q1	method=agreement	correct=True	exec=True
96	2-10824095-19.html.csv_q3	method=agreement	correct=True	exec=True
97	2-10824095-19.html.csv_q1	method=agreement	correct=True	exec=True
98	1-24239748-2.html.csv_q3	method=agreement	correct=True	exec=True
99	1-24239748-2.html.csv_q1	method=agreement	correct=True	exec=True
