/root/shared-nvme/wangjie/second_paper/paper1_reuse/wtq_utils/execute.py:108: FutureWarning: DataFrame.applymap has been deprecated. Use DataFrame.map instead.
  return df.applymap(to_numeric)
/root/shared-nvme/wangjie/second_paper/paper1_reuse/wtq_utils/execute.py:108: FutureWarning: DataFrame.applymap has been deprecated. Use DataFrame.map instead.
  return df.applymap(to_numeric)
/root/shared-nvme/wangjie/second_paper/paper1_reuse/wtq_utils/execute.py:108: FutureWarning: DataFrame.applymap has been deprecated. Use DataFrame.map instead.
  return df.applymap(to_numeric)
/root/shared-nvme/wangjie/second_paper/paper1_reuse/wtq_utils/execute.py:108: FutureWarning: DataFrame.applymap has been deprecated. Use DataFrame.map instead.
  return df.applymap(to_numeric)
/root/shared-nvme/wangjie/second_paper/paper1_reuse/wtq_utils/execute.py:108: FutureWarning: DataFrame.applymap has been deprecated. Use DataFrame.map instead.
  return df.applymap(to_numeric)
/root/shared-nvme/wangjie/second_paper/paper1_reuse/wtq_utils/execute.py:108: FutureWarning: DataFrame.applymap has been deprecated. Use DataFrame.map instead.
  return df.applymap(to_numeric)
/root/shared-nvme/wangjie/second_paper/paper1_reuse/wtq_utils/execute.py:108: FutureWarning: DataFrame.applymap has been deprecated. Use DataFrame.map instead.
  return df.applymap(to_numeric)
/root/shared-nvme/wangjie/second_paper/paper1_reuse/wtq_utils/execute.py:108: FutureWarning: DataFrame.applymap has been deprecated. Use DataFrame.map instead.
  return df.applymap(to_numeric)
/root/shared-nvme/wangjie/second_paper/paper1_reuse/wtq_utils/execute.py:108: FutureWarning: DataFrame.applymap has been deprecated. Use DataFrame.map instead.
  return df.applymap(to_numeric)
/root/shared-nvme/wangjie/second_paper/paper1_reuse/wtq_utils/execute.py:108: FutureWarning: DataFrame.applymap has been deprecated. Use DataFrame.map instead.
  return df.applymap(to_numeric)
/root/shared-nvme/wangjie/second_paper/paper1_reuse/wtq_utils/execute.py:108: FutureWarning: DataFrame.applymap has been deprecated. Use DataFrame.map instead.
  return df.applymap(to_numeric)
/root/shared-nvme/wangjie/second_paper/paper1_reuse/wtq_utils/execute.py:108: FutureWarning: DataFrame.applymap has been deprecated. Use DataFrame.map instead.
  return df.applymap(to_numeric)
/root/shared-nvme/wangjie/second_paper/paper1_reuse/wtq_utils/execute.py:108: FutureWarning: DataFrame.applymap has been deprecated. Use DataFrame.map instead.
  return df.applymap(to_numeric)
/root/shared-nvme/wangjie/second_paper/paper1_reuse/wtq_utils/execute.py:108: FutureWarning: DataFrame.applymap has been deprecated. Use DataFrame.map instead.
  return df.applymap(to_numeric)
/root/shared-nvme/wangjie/second_paper/paper1_reuse/wtq_utils/execute.py:108: FutureWarning: DataFrame.applymap has been deprecated. Use DataFrame.map instead.
  return df.applymap(to_numeric)
/root/shared-nvme/wangjie/second_paper/paper1_reuse/wtq_utils/execute.py:108: FutureWarning: DataFrame.applymap has been deprecated. Use DataFrame.map instead.
  return df.applymap(to_numeric)
/root/shared-nvme/wangjie/second_paper/paper1_reuse/wtq_utils/execute.py:108: FutureWarning: DataFrame.applymap has been deprecated. Use DataFrame.map instead.
  return df.applymap(to_numeric)
/root/shared-nvme/wangjie/second_paper/paper1_reuse/wtq_utils/execute.py:108: FutureWarning: DataFrame.applymap has been deprecated. Use DataFrame.map instead.
  return df.applymap(to_numeric)
/root/shared-nvme/wangjie/second_paper/paper1_reuse/wtq_utils/execute.py:108: FutureWarning: DataFrame.applymap has been deprecated. Use DataFrame.map instead.
  return df.applymap(to_numeric)
/root/shared-nvme/wangjie/second_paper/paper1_reuse/wtq_utils/execute.py:108: FutureWarning: DataFrame.applymap has been deprecated. Use DataFrame.map instead.
  return df.applymap(to_numeric)
/root/shared-nvme/wangjie/second_paper/paper1_reuse/wtq_utils/execute.py:108: FutureWarning: DataFrame.applymap has been deprecated. Use DataFrame.map instead.
  return df.applymap(to_numeric)
/root/shared-nvme/wangjie/second_paper/paper1_reuse/wtq_utils/execute.py:108: FutureWarning: DataFrame.applymap has been deprecated. Use DataFrame.map instead.
  return df.applymap(to_numeric)
/root/shared-nvme/wangjie/second_paper/paper1_reuse/wtq_utils/execute.py:108: FutureWarning: DataFrame.applymap has been deprecated. Use DataFrame.map instead.
  return df.applymap(to_numeric)
/root/shared-nvme/wangjie/second_paper/paper1_reuse/wtq_utils/execute.py:108: FutureWarning: DataFrame.applymap has been deprecated. Use DataFrame.map instead.
  return df.applymap(to_numeric)
/root/shared-nvme/wangjie/second_paper/paper1_reuse/wtq_utils/execute.py:108: FutureWarning: DataFrame.applymap has been deprecated. Use DataFrame.map instead.
  return df.applymap(to_numeric)
/root/shared-nvme/wangjie/second_paper/paper1_reuse/wtq_utils/execute.py:108: FutureWarning: DataFrame.applymap has been deprecated. Use DataFrame.map instead.
  return df.applymap(to_numeric)
/root/shared-nvme/wangjie/second_paper/paper1_reuse/wtq_utils/execute.py:108: FutureWarning: DataFrame.applymap has been deprecated. Use DataFrame.map instead.
  return df.applymap(to_numeric)
/root/shared-nvme/wangjie/second_paper/paper1_reuse/wtq_utils/execute.py:108: FutureWarning: DataFrame.applymap has been deprecated. Use DataFrame.map instead.
  return df.applymap(to_numeric)
/root/shared-nvme/wangjie/second_paper/paper1_reuse/wtq_utils/execute.py:108: FutureWarning: DataFrame.applymap has been deprecated. Use DataFrame.map instead.
  return df.applymap(to_numeric)
/root/shared-nvme/wangjie/second_paper/paper1_reuse/wtq_utils/execute.py:108: FutureWarning: DataFrame.applymap has been deprecated. Use DataFrame.map instead.
  return df.applymap(to_numeric)
/root/shared-nvme/wangjie/second_paper/paper1_reuse/wtq_utils/execute.py:108: FutureWarning: DataFrame.applymap has been deprecated. Use DataFrame.map instead.
  return df.applymap(to_numeric)
/root/shared-nvme/wangjie/second_paper/paper1_reuse/wtq_utils/execute.py:108: FutureWarning: DataFrame.applymap has been deprecated. Use DataFrame.map instead.
  return df.applymap(to_numeric)
/root/shared-nvme/wangjie/second_paper/paper1_reuse/wtq_utils/execute.py:108: FutureWarning: DataFrame.applymap has been deprecated. Use DataFrame.map instead.
  return df.applymap(to_numeric)
/root/shared-nvme/wangjie/second_paper/paper1_reuse/wtq_utils/execute.py:108: FutureWarning: DataFrame.applymap has been deprecated. Use DataFrame.map instead.
  return df.applymap(to_numeric)
/root/shared-nvme/wangjie/second_paper/paper1_reuse/wtq_utils/execute.py:108: FutureWarning: DataFrame.applymap has been deprecated. Use DataFrame.map instead.
  return df.applymap(to_numeric)
/root/shared-nvme/wangjie/second_paper/paper1_reuse/wtq_utils/execute.py:108: FutureWarning: DataFrame.applymap has been deprecated. Use DataFrame.map instead.
  return df.applymap(to_numeric)
/root/shared-nvme/wangjie/second_paper/paper1_reuse/wtq_utils/execute.py:108: FutureWarning: DataFrame.applymap has been deprecated. Use DataFrame.map instead.
  return df.applymap(to_numeric)
/root/shared-nvme/wangjie/second_paper/paper1_reuse/wtq_utils/execute.py:108: FutureWarning: DataFrame.applymap has been deprecated. Use DataFrame.map instead.
  return df.applymap(to_numeric)
/root/shared-nvme/wangjie/second_paper/paper1_reuse/wtq_utils/execute.py:108: FutureWarning: DataFrame.applymap has been deprecated. Use DataFrame.map instead.
  return df.applymap(to_numeric)
/root/shared-nvme/wangjie/second_paper/paper1_reuse/wtq_utils/execute.py:108: FutureWarning: DataFrame.applymap has been deprecated. Use DataFrame.map instead.
  return df.applymap(to_numeric)
/root/shared-nvme/wangjie/second_paper/paper1_reuse/wtq_utils/execute.py:108: FutureWarning: DataFrame.applymap has been deprecated. Use DataFrame.map instead.
  return df.applymap(to_numeric)
/root/shared-nvme/wangjie/second_paper/paper1_reuse/wtq_utils/execute.py:108: FutureWarning: DataFrame.applymap has been deprecated. Use DataFrame.map instead.
  return df.applymap(to_numeric)
/root/shared-nvme/wangjie/second_paper/paper1_reuse/wtq_utils/execute.py:108: FutureWarning: DataFrame.applymap has been deprecated. Use DataFrame.map instead.
  return df.applymap(to_numeric)
/root/shared-nvme/wangjie/second_paper/paper1_reuse/wtq_utils/execute.py:108: FutureWarning: DataFrame.applymap has been deprecated. Use DataFrame.map instead.
  return df.applymap(to_numeric)
/root/shared-nvme/wangjie/second_paper/paper1_reuse/wtq_utils/execute.py:108: FutureWarning: DataFrame.applymap has been deprecated. Use DataFrame.map instead.
  return df.applymap(to_numeric)
/root/shared-nvme/wangjie/second_paper/paper1_reuse/wtq_utils/execute.py:108: FutureWarning: DataFrame.applymap has been deprecated. Use DataFrame.map instead.
  return df.applymap(to_numeric)
/root/shared-nvme/wangjie/second_paper/paper1_reuse/wtq_utils/execute.py:108: FutureWarning: DataFrame.applymap has been deprecated. Use DataFrame.map instead.
  return df.applymap(to_numeric)
/root/shared-nvme/wangjie/second_paper/paper1_reuse/wtq_utils/execute.py:108: FutureWarning: DataFrame.applymap has been deprecated. Use DataFrame.map instead.
  return df.applymap(to_numeric)
/root/shared-nvme/wangjie/second_paper/paper1_reuse/wtq_utils/execute.py:108: FutureWarning: DataFrame.applymap has been deprecated. Use DataFrame.map instead.
  return df.applymap(to_numeric)
/root/shared-nvme/wangjie/second_paper/paper1_reuse/wtq_utils/execute.py:108: FutureWarning: DataFrame.applymap has been deprecated. Use DataFrame.map instead.
  return df.applymap(to_numeric)
/root/shared-nvme/wangjie/second_paper/paper1_reuse/wtq_utils/execute.py:108: FutureWarning: DataFrame.applymap has been deprecated. Use DataFrame.map instead.
  return df.applymap(to_numeric)
0	nu-2928	method=baseline	correct=True	exec=True
1	nu-0	method=baseline	correct=False	exec=True
2	nu-1	method=baseline	correct=True	exec=True
3	nu-2348	method=baseline	correct=False	exec=False
4	nu-488	method=baseline	correct=True	exec=True
5	nu-2140	method=baseline	correct=True	exec=True
6	nu-752	method=baseline	correct=True	exec=True
7	nu-201	method=baseline	correct=False	exec=False
8	nu-1082	method=baseline	correct=True	exec=True
9	nu-648	method=baseline	correct=False	exec=True
10	nu-695	method=baseline	correct=False	exec=True
11	nu-2881	method=baseline	correct=True	exec=True
12	nu-862	method=baseline	correct=False	exec=True
13	nu-329	method=baseline	correct=True	exec=True
14	nu-2693	method=baseline	correct=True	exec=True
15	nu-3520	method=baseline	correct=False	exec=True
16	nu-1089	method=baseline	correct=True	exec=True
17	nu-2522	method=baseline	correct=False	exec=True
18	nu-64	method=baseline	correct=True	exec=True
19	nu-3692	method=baseline	correct=False	exec=False
20	nu-10	method=baseline	correct=True	exec=True
21	nu-4267	method=baseline	correct=True	exec=True
22	nu-3230	method=baseline	correct=True	exec=True
23	nu-4169	method=baseline	correct=True	exec=True
24	nu-1506	method=baseline	correct=True	exec=True
25	nu-2555	method=baseline	correct=False	exec=True
26	nu-13	method=baseline	correct=True	exec=True
27	nu-4147	method=baseline	correct=True	exec=True
28	nu-3053	method=baseline	correct=True	exec=True
29	nu-14	method=baseline	correct=False	exec=True
30	nu-2475	method=baseline	correct=True	exec=True
31	nu-355	method=baseline	correct=True	exec=True
32	nu-583	method=baseline	correct=False	exec=False
33	nu-2263	method=baseline	correct=True	exec=True
34	nu-1362	method=baseline	correct=False	exec=True
35	nu-3418	method=baseline	correct=True	exec=True
36	nu-2724	method=baseline	correct=True	exec=True
37	nu-2529	method=baseline	correct=True	exec=True
38	nu-1440	method=baseline	correct=False	exec=False
39	nu-1949	method=baseline	correct=False	exec=False
40	nu-597	method=baseline	correct=False	exec=False
41	nu-631	method=baseline	correct=True	exec=True
42	nu-4258	method=baseline	correct=False	exec=True
43	nu-1752	method=baseline	correct=True	exec=True
44	nu-1450	method=baseline	correct=True	exec=True
45	nu-211	method=baseline	correct=True	exec=True
46	nu-1641	method=baseline	correct=True	exec=True
47	nu-270	method=baseline	correct=True	exec=True
48	nu-3858	method=baseline	correct=True	exec=True
49	nu-2675	method=baseline	correct=False	exec=True
50	nu-1202	method=baseline	correct=False	exec=True
51	nu-1911	method=baseline	correct=False	exec=True
52	nu-4053	method=baseline	correct=False	exec=True
53	nu-667	method=baseline	correct=True	exec=True
54	nu-3619	method=baseline	correct=False	exec=False
55	nu-1034	method=baseline	correct=False	exec=False
56	nu-521	method=baseline	correct=True	exec=True
57	nu-1363	method=baseline	correct=False	exec=True
58	nu-493	method=baseline	correct=False	exec=False
59	nu-60	method=baseline	correct=False	exec=True
60	nu-1406	method=baseline	correct=False	exec=True
61	nu-263	method=baseline	correct=False	exec=True
62	nu-285	method=baseline	correct=True	exec=True
63	nu-3284	method=baseline	correct=True	exec=True
64	nu-663	method=baseline	correct=True	exec=True
65	nu-2732	method=baseline	correct=True	exec=True
66	nu-498	method=baseline	correct=False	exec=True
67	nu-952	method=baseline	correct=True	exec=True
68	nu-3372	method=baseline	correct=True	exec=True
69	nu-3430	method=baseline	correct=False	exec=True
70	nu-960	method=baseline	correct=True	exec=True
71	nu-795	method=baseline	correct=True	exec=True
72	nu-3576	method=baseline	correct=True	exec=True
73	nu-2327	method=baseline	correct=True	exec=True
74	nu-1540	method=baseline	correct=False	exec=False
75	nu-3880	method=baseline	correct=True	exec=True
76	nu-3458	method=baseline	correct=True	exec=True
77	nu-2340	method=baseline	correct=True	exec=True
78	nu-4307	method=baseline	correct=True	exec=True
79	nu-184	method=baseline	correct=True	exec=True
80	nu-2854	method=baseline	correct=True	exec=True
81	nu-621	method=baseline	correct=True	exec=True
82	nu-1030	method=baseline	correct=False	exec=False
83	nu-4010	method=baseline	correct=False	exec=True
84	nu-2504	method=baseline	correct=True	exec=True
<generated>:5: SettingWithCopyWarning: 
A value is trying to be set on a copy of a slice from a DataFrame.
Try using .loc[row_indexer,col_indexer] = value instead

See the caveats in the documentation: https://pandas.pydata.org/pandas-docs/stable/user_guide/indexing.html#returning-a-view-versus-a-copy
85	nu-44	method=baseline	correct=True	exec=True
86	nu-233	method=baseline	correct=True	exec=True
87	nu-2806	method=baseline	correct=True	exec=True
88	nu-47	method=baseline	correct=True	exec=True
89	nu-2628	method=baseline	correct=True	exec=True
90	nu-2028	method=baseline	correct=True	exec=True
91	nu-517	method=baseline	correct=True	exec=True
92	nu-501	method=baseline	correct=True	exec=True
<generated>:5: SettingWithCopyWarning: 
A value is trying to be set on a copy of a slice from a DataFrame.
Try using .loc[row_indexer,col_indexer] = value instead

See the caveats in the documentation: https://pandas.pydata.org/pandas-docs/stable/user_guide/indexing.html#returning-a-view-versus-a-copy
93	nu-3219	method=baseline	correct=True	exec=True
<generated>:8: SettingWithCopyWarning: 
A value is trying to be set on a copy of a slice from a DataFrame.
Try using .loc[row_indexer,col_indexer] = value instead

See the caveats in the documentation: https://pandas.pydata.org/pandas-docs/stable/user_guide/indexing.html#returning-a-view-versus-a-copy
94	nu-2913	method=baseline	correct=False	exec=True
95	nu-845	method=baseline	correct=True	exec=True
96	nu-52	method=baseline	correct=True	exec=True
97	nu-2147	method=baseline	correct=False	exec=True
98	nu-3810	method=baseline	correct=True	exec=True
99	nu-2201	method=baseline	correct=True	exec=True
