nohup: ignoring input
/root/shared-nvme/wangjie/second_paper/paper1_reuse/wtq_utils/execute.py:108: FutureWarning: DataFrame.applymap has been deprecated. Use DataFrame.map instead.
  return df.applymap(to_numeric)
/root/shared-nvme/wangjie/second_paper/paper1_reuse/wtq_utils/execute.py:108: FutureWarning: DataFrame.applymap has been deprecated. Use DataFrame.map instead.
  return df.applymap(to_numeric)
/root/shared-nvme/wangjie/second_paper/paper1_reuse/wtq_utils/execute.py:108: FutureWarning: DataFrame.applymap has been deprecated. Use DataFrame.map instead.
  return df.applymap(to_numeric)
/root/shared-nvme/wangjie/second_paper/paper1_reuse/wtq_utils/execute.py:108: FutureWarning: DataFrame.applymap has been deprecated. Use DataFrame.map instead.
  return df.applymap(to_numeric)
/root/shared-nvme/wangjie/second_paper/paper1_reuse/wtq_utils/execute.py:108: FutureWarning: DataFrame.applymap has been deprecated. Use DataFrame.map instead.
  return df.applymap(to_numeric)
/root/shared-nvme/wangjie/second_paper/paper1_reuse/wtq_utils/execute.py:108: FutureWarning: DataFrame.applymap has been deprecated. Use DataFrame.map instead.
  return df.applymap(to_numeric)
/root/shared-nvme/wangjie/second_paper/paper1_reuse/wtq_utils/execute.py:108: FutureWarning: DataFrame.applymap has been deprecated. Use DataFrame.map instead.
  return df.applymap(to_numeric)
/root/shared-nvme/wangjie/second_paper/paper1_reuse/wtq_utils/execute.py:108: FutureWarning: DataFrame.applymap has been deprecated. Use DataFrame.map instead.
  return df.applymap(to_numeric)
/root/shared-nvme/wangjie/second_paper/paper1_reuse/wtq_utils/execute.py:108: FutureWarning: DataFrame.applymap has been deprecated. Use DataFrame.map instead.
  return df.applymap(to_numeric)
/root/shared-nvme/wangjie/second_paper/paper1_reuse/wtq_utils/execute.py:108: FutureWarning: DataFrame.applymap has been deprecated. Use DataFrame.map instead.
  return df.applymap(to_numeric)
/root/shared-nvme/wangjie/second_paper/paper1_reuse/wtq_utils/execute.py:108: FutureWarning: DataFrame.applymap has been deprecated. Use DataFrame.map instead.
  return df.applymap(to_numeric)
/root/shared-nvme/wangjie/second_paper/paper1_reuse/wtq_utils/execute.py:108: FutureWarning: DataFrame.applymap has been deprecated. Use DataFrame.map instead.
  return df.applymap(to_numeric)
/root/shared-nvme/wangjie/second_paper/paper1_reuse/wtq_utils/execute.py:108: FutureWarning: DataFrame.applymap has been deprecated. Use DataFrame.map instead.
  return df.applymap(to_numeric)
0	nu-0	method=baseline	correct=False	exec=True
1	nu-165	method=baseline	correct=True	exec=True
2	nu-1902	method=baseline	correct=True	exec=True
3	nu-2037	method=baseline	correct=False	exec=False
4	nu-2400	method=baseline	correct=False	exec=False
<generated>:5: UserWarning: Boolean Series key will be reindexed to match DataFrame index.
5	nu-2659	method=baseline	correct=True	exec=True
6	nu-2928	method=baseline	correct=True	exec=True
7	nu-2976	method=baseline	correct=True	exec=True
8	nu-3349	method=baseline	correct=False	exec=True
9	nu-3353	method=baseline	correct=False	exec=False
10	nu-3876	method=baseline	correct=False	exec=False
11	nu-3914	method=baseline	correct=True	exec=True
12	nu-4082	method=baseline	correct=False	exec=False
13	nu-1	method=baseline	correct=False	exec=True
14	nu-45	method=baseline	correct=False	exec=True
15	nu-448	method=baseline	correct=False	exec=False
16	nu-565	method=baseline	correct=False	exec=True
17	nu-661	method=baseline	correct=False	exec=True
18	nu-1110	method=baseline	correct=True	exec=True
19	nu-1578	method=baseline	correct=False	exec=False
20	nu-2122	method=baseline	correct=False	exec=False
21	nu-2348	method=baseline	correct=False	exec=True
22	nu-2852	method=baseline	correct=True	exec=True
23	nu-2989	method=baseline	correct=True	exec=True
24	nu-3171	method=baseline	correct=True	exec=True
25	nu-3366	method=baseline	correct=False	exec=True
26	nu-3640	method=baseline	correct=True	exec=True
27	nu-2	method=baseline	correct=False	exec=False
28	nu-295	method=baseline	correct=True	exec=True
29	nu-488	method=baseline	correct=True	exec=True
30	nu-1233	method=baseline	correct=False	exec=True
31	nu-1683	method=baseline	correct=True	exec=True
32	nu-2138	method=baseline	correct=False	exec=True
33	nu-2140	method=baseline	correct=True	exec=True
34	nu-3633	method=baseline	correct=True	exec=True
35	nu-3817	method=baseline	correct=False	exec=True
36	nu-3	method=baseline	correct=True	exec=True
37	nu-201	method=baseline	correct=False	exec=False
38	nu-752	method=baseline	correct=True	exec=True
39	nu-1276	method=baseline	correct=False	exec=False
40	nu-1519	method=baseline	correct=False	exec=False
41	nu-2389	method=baseline	correct=True	exec=True
42	nu-2998	method=baseline	correct=False	exec=True
43	nu-3009	method=baseline	correct=True	exec=True
44	nu-3131	method=baseline	correct=False	exec=False
45	nu-3214	method=baseline	correct=True	exec=True
46	nu-3255	method=baseline	correct=True	exec=True
47	nu-3896	method=baseline	correct=True	exec=True
48	nu-4	method=baseline	correct=True	exec=True
49	nu-36	method=baseline	correct=False	exec=True
50	nu-290	method=baseline	correct=False	exec=True
51	nu-589	method=baseline	correct=False	exec=True
52	nu-648	method=baseline	correct=True	exec=True
53	nu-1082	method=baseline	correct=True	exec=True
54	nu-1116	method=baseline	correct=False	exec=True
55	nu-2761	method=baseline	correct=True	exec=True
56	nu-3344	method=baseline	correct=True	exec=True
57	nu-3398	method=baseline	correct=False	exec=True
58	nu-3653	method=baseline	correct=False	exec=True
59	nu-3994	method=baseline	correct=True	exec=True
60	nu-5	method=baseline	correct=True	exec=True
61	nu-229	method=baseline	correct=True	exec=True
62	nu-456	method=baseline	correct=True	exec=True
63	nu-695	method=baseline	correct=True	exec=True
64	nu-831	method=baseline	correct=True	exec=True
65	nu-896	method=baseline	correct=False	exec=True
66	nu-1160	method=baseline	correct=False	exec=True
67	nu-2868	method=baseline	correct=True	exec=True
68	nu-2881	method=baseline	correct=False	exec=True
69	nu-3509	method=baseline	correct=True	exec=True
70	nu-3932	method=baseline	correct=True	exec=True
71	nu-6	method=baseline	correct=True	exec=True
72	nu-329	method=baseline	correct=True	exec=True
73	nu-496	method=baseline	correct=False	exec=True
74	nu-681	method=baseline	correct=True	exec=True
75	nu-862	method=baseline	correct=True	exec=True
76	nu-1496	method=baseline	correct=True	exec=True
77	nu-1747	method=baseline	correct=False	exec=True
78	nu-1984	method=baseline	correct=True	exec=True
79	nu-2068	method=baseline	correct=False	exec=True
80	nu-2157	method=baseline	correct=False	exec=True
81	nu-3377	method=baseline	correct=True	exec=True
82	nu-3738	method=baseline	correct=True	exec=True
83	nu-4032	method=baseline	correct=False	exec=True
84	nu-4208	method=baseline	correct=False	exec=True
85	nu-7	method=baseline	correct=False	exec=False
<generated>:2: UserWarning: Could not infer format, so each element will be parsed individually, falling back to `dateutil`. To ensure parsing is consistent and as-expected, please specify a format.
86	nu-243	method=baseline	correct=False	exec=False
87	nu-1385	method=baseline	correct=False	exec=True
88	nu-1958	method=baseline	correct=True	exec=True
89	nu-2117	method=baseline	correct=False	exec=False
90	nu-2245	method=baseline	correct=False	exec=False
91	nu-2693	method=baseline	correct=False	exec=False
92	nu-3146	method=baseline	correct=True	exec=True
93	nu-3314	method=baseline	correct=True	exec=True
94	nu-3392	method=baseline	correct=False	exec=False
95	nu-3520	method=baseline	correct=False	exec=False
96	nu-3883	method=baseline	correct=False	exec=False
97	nu-4018	method=baseline	correct=False	exec=False
98	nu-4075	method=baseline	correct=False	exec=True
99	nu-8	method=baseline	correct=True	exec=True
100	nu-339	method=baseline	correct=True	exec=True
101	nu-1089	method=baseline	correct=True	exec=True
102	nu-1208	method=baseline	correct=True	exec=True
103	nu-1700	method=baseline	correct=True	exec=True
104	nu-1804	method=baseline	correct=True	exec=True
105	nu-2522	method=baseline	correct=False	exec=True
106	nu-2959	method=baseline	correct=True	exec=True
107	nu-3317	method=baseline	correct=False	exec=True
108	nu-3793	method=baseline	correct=True	exec=True
109	nu-3811	method=baseline	correct=True	exec=True
110	nu-4204	method=baseline	correct=True	exec=True
111	nu-9	method=baseline	correct=True	exec=True
112	nu-64	method=baseline	correct=True	exec=True
113	nu-503	method=baseline	correct=True	exec=True
114	nu-740	method=baseline	correct=True	exec=True
115	nu-906	method=baseline	correct=True	exec=True
116	nu-937	method=baseline	correct=True	exec=True
117	nu-2369	method=baseline	correct=False	exec=True
118	nu-2442	method=baseline	correct=True	exec=True
119	nu-3073	method=baseline	correct=False	exec=True
120	nu-3692	method=baseline	correct=False	exec=False
121	nu-4031	method=baseline	correct=False	exec=True
122	nu-10	method=baseline	correct=True	exec=True
123	nu-265	method=baseline	correct=True	exec=True
124	nu-719	method=baseline	correct=True	exec=True
125	nu-1270	method=baseline	correct=False	exec=True
126	nu-1426	method=baseline	correct=True	exec=True
127	nu-1697	method=baseline	correct=True	exec=True
128	nu-1790	method=baseline	correct=True	exec=True
129	nu-2168	method=baseline	correct=True	exec=True
130	nu-2264	method=baseline	correct=False	exec=True
131	nu-2429	method=baseline	correct=True	exec=True
132	nu-4267	method=baseline	correct=True	exec=True
133	nu-11	method=baseline	correct=True	exec=True
134	nu-249	method=baseline	correct=True	exec=True
135	nu-544	method=baseline	correct=False	exec=True
136	nu-955	method=baseline	correct=True	exec=True
137	nu-1006	method=baseline	correct=True	exec=True
138	nu-1876	method=baseline	correct=True	exec=True
139	nu-2281	method=baseline	correct=True	exec=True
140	nu-2656	method=baseline	correct=True	exec=True
141	nu-3001	method=baseline	correct=False	exec=True
142	nu-3223	method=baseline	correct=True	exec=True
143	nu-3230	method=baseline	correct=True	exec=True
144	nu-3498	method=baseline	correct=False	exec=True
145	nu-4169	method=baseline	correct=False	exec=True
146	nu-12	method=baseline	correct=True	exec=True
147	nu-1506	method=baseline	correct=True	exec=True
148	nu-1959	method=baseline	correct=True	exec=True
149	nu-2555	method=baseline	correct=False	exec=False
/root/shared-nvme/wangjie/second_paper/paper1_reuse/wtq_utils/execute.py:108: FutureWarning: DataFrame.applymap has been deprecated. Use DataFrame.map instead.
  return df.applymap(to_numeric)
/root/shared-nvme/wangjie/second_paper/paper1_reuse/wtq_utils/execute.py:108: FutureWarning: DataFrame.applymap has been deprecated. Use DataFrame.map instead.
  return df.applymap(to_numeric)
/root/shared-nvme/wangjie/second_paper/paper1_reuse/wtq_utils/execute.py:108: FutureWarning: DataFrame.applymap has been deprecated. Use DataFrame.map instead.
  return df.applymap(to_numeric)
/root/shared-nvme/wangjie/second_paper/paper1_reuse/wtq_utils/execute.py:108: FutureWarning: DataFrame.applymap has been deprecated. Use DataFrame.map instead.
  return df.applymap(to_numeric)
/root/shared-nvme/wangjie/second_paper/paper1_reuse/wtq_utils/execute.py:108: FutureWarning: DataFrame.applymap has been deprecated. Use DataFrame.map instead.
  return df.applymap(to_numeric)
/root/shared-nvme/wangjie/second_paper/paper1_reuse/wtq_utils/execute.py:108: FutureWarning: DataFrame.applymap has been deprecated. Use DataFrame.map instead.
  return df.applymap(to_numeric)
/root/shared-nvme/wangjie/second_paper/paper1_reuse/wtq_utils/execute.py:108: FutureWarning: DataFrame.applymap has been deprecated. Use DataFrame.map instead.
  return df.applymap(to_numeric)
/root/shared-nvme/wangjie/second_paper/paper1_reuse/wtq_utils/execute.py:108: FutureWarning: DataFrame.applymap has been deprecated. Use DataFrame.map instead.
  return df.applymap(to_numeric)
/root/shared-nvme/wangjie/second_paper/paper1_reuse/wtq_utils/execute.py:108: FutureWarning: DataFrame.applymap has been deprecated. Use DataFrame.map instead.
  return df.applymap(to_numeric)
/root/shared-nvme/wangjie/second_paper/paper1_reuse/wtq_utils/execute.py:108: FutureWarning: DataFrame.applymap has been deprecated. Use DataFrame.map instead.
  return df.applymap(to_numeric)
/root/shared-nvme/wangjie/second_paper/paper1_reuse/wtq_utils/execute.py:108: FutureWarning: DataFrame.applymap has been deprecated. Use DataFrame.map instead.
  return df.applymap(to_numeric)
/root/shared-nvme/wangjie/second_paper/paper1_reuse/wtq_utils/execute.py:108: FutureWarning: DataFrame.applymap has been deprecated. Use DataFrame.map instead.
  return df.applymap(to_numeric)
/root/shared-nvme/wangjie/second_paper/paper1_reuse/wtq_utils/execute.py:108: FutureWarning: DataFrame.applymap has been deprecated. Use DataFrame.map instead.
  return df.applymap(to_numeric)
0	nu-0	method=dp	correct=False	exec=False
1	nu-165	method=dp	correct=True	exec=False
2	nu-1902	method=dp	correct=True	exec=False
3	nu-2037	method=dp	correct=True	exec=False
4	nu-2400	method=dp	correct=True	exec=False
5	nu-2659	method=dp	correct=True	exec=False
6	nu-2928	method=dp	correct=True	exec=False
7	nu-2976	method=dp	correct=True	exec=False
8	nu-3349	method=dp	correct=False	exec=False
9	nu-3353	method=dp	correct=True	exec=False
10	nu-3876	method=dp	correct=True	exec=False
11	nu-3914	method=dp	correct=True	exec=False
12	nu-4082	method=dp	correct=True	exec=False
13	nu-1	method=dp	correct=True	exec=False
14	nu-45	method=dp	correct=True	exec=False
15	nu-448	method=dp	correct=True	exec=False
16	nu-565	method=dp	correct=True	exec=False
17	nu-661	method=dp	correct=True	exec=False
18	nu-1110	method=dp	correct=True	exec=False
19	nu-1578	method=dp	correct=True	exec=False
20	nu-2122	method=dp	correct=True	exec=False
21	nu-2348	method=dp	correct=True	exec=False
22	nu-2852	method=dp	correct=True	exec=False
23	nu-2989	method=dp	correct=True	exec=False
24	nu-3171	method=dp	correct=True	exec=False
25	nu-3366	method=dp	correct=False	exec=False
26	nu-3640	method=dp	correct=True	exec=False
27	nu-2	method=dp	correct=True	exec=False
28	nu-295	method=dp	correct=True	exec=False
29	nu-488	method=dp	correct=True	exec=False
30	nu-1233	method=dp	correct=False	exec=False
31	nu-1683	method=dp	correct=True	exec=False
32	nu-2138	method=dp	correct=True	exec=False
33	nu-2140	method=dp	correct=True	exec=False
34	nu-3633	method=dp	correct=True	exec=False
35	nu-3817	method=dp	correct=False	exec=False
36	nu-3	method=dp	correct=True	exec=False
37	nu-201	method=dp	correct=True	exec=False
38	nu-752	method=dp	correct=True	exec=False
39	nu-1276	method=dp	correct=True	exec=False
40	nu-1519	method=dp	correct=True	exec=False
41	nu-2389	method=dp	correct=True	exec=False
42	nu-2998	method=dp	correct=True	exec=False
43	nu-3009	method=dp	correct=True	exec=False
44	nu-3131	method=dp	correct=True	exec=False
45	nu-3214	method=dp	correct=True	exec=False
46	nu-3255	method=dp	correct=True	exec=False
47	nu-3896	method=dp	correct=True	exec=False
48	nu-4	method=dp	correct=True	exec=False
49	nu-36	method=dp	correct=False	exec=False
50	nu-290	method=dp	correct=False	exec=False
51	nu-589	method=dp	correct=True	exec=False
52	nu-648	method=dp	correct=True	exec=False
53	nu-1082	method=dp	correct=True	exec=False
54	nu-1116	method=dp	correct=True	exec=False
55	nu-2761	method=dp	correct=True	exec=False
56	nu-3344	method=dp	correct=True	exec=False
57	nu-3398	method=dp	correct=True	exec=False
58	nu-3653	method=dp	correct=False	exec=False
59	nu-3994	method=dp	correct=True	exec=False
60	nu-5	method=dp	correct=True	exec=False
61	nu-229	method=dp	correct=True	exec=False
62	nu-456	method=dp	correct=True	exec=False
63	nu-695	method=dp	correct=False	exec=False
64	nu-831	method=dp	correct=True	exec=False
65	nu-896	method=dp	correct=True	exec=False
66	nu-1160	method=dp	correct=True	exec=False
67	nu-2868	method=dp	correct=True	exec=False
68	nu-2881	method=dp	correct=True	exec=False
69	nu-3509	method=dp	correct=True	exec=False
70	nu-3932	method=dp	correct=True	exec=False
71	nu-6	method=dp	correct=True	exec=False
72	nu-329	method=dp	correct=True	exec=False
73	nu-496	method=dp	correct=False	exec=False
74	nu-681	method=dp	correct=True	exec=False
75	nu-862	method=dp	correct=True	exec=False
76	nu-1496	method=dp	correct=True	exec=False
77	nu-1747	method=dp	correct=False	exec=False
78	nu-1984	method=dp	correct=True	exec=False
79	nu-2068	method=dp	correct=True	exec=False
80	nu-2157	method=dp	correct=False	exec=False
81	nu-3377	method=dp	correct=True	exec=False
82	nu-3738	method=dp	correct=True	exec=False
83	nu-4032	method=dp	correct=True	exec=False
84	nu-4208	method=dp	correct=False	exec=False
85	nu-7	method=dp	correct=True	exec=False
86	nu-243	method=dp	correct=True	exec=False
87	nu-1385	method=dp	correct=True	exec=False
88	nu-1958	method=dp	correct=True	exec=False
89	nu-2117	method=dp	correct=True	exec=False
90	nu-2245	method=dp	correct=True	exec=False
91	nu-2693	method=dp	correct=True	exec=False
92	nu-3146	method=dp	correct=True	exec=False
93	nu-3314	method=dp	correct=True	exec=False
94	nu-3392	method=dp	correct=True	exec=False
95	nu-3520	method=dp	correct=True	exec=False
96	nu-3883	method=dp	correct=True	exec=False
97	nu-4018	method=dp	correct=True	exec=False
98	nu-4075	method=dp	correct=True	exec=False
99	nu-8	method=dp	correct=True	exec=False
100	nu-339	method=dp	correct=True	exec=False
101	nu-1089	method=dp	correct=True	exec=False
102	nu-1208	method=dp	correct=False	exec=False
103	nu-1700	method=dp	correct=True	exec=False
104	nu-1804	method=dp	correct=True	exec=False
105	nu-2522	method=dp	correct=False	exec=False
106	nu-2959	method=dp	correct=True	exec=False
107	nu-3317	method=dp	correct=True	exec=False
108	nu-3793	method=dp	correct=True	exec=False
109	nu-3811	method=dp	correct=True	exec=False
110	nu-4204	method=dp	correct=True	exec=False
111	nu-9	method=dp	correct=True	exec=False
112	nu-64	method=dp	correct=True	exec=False
113	nu-503	method=dp	correct=True	exec=False
114	nu-740	method=dp	correct=True	exec=False
115	nu-906	method=dp	correct=True	exec=False
116	nu-937	method=dp	correct=True	exec=False
117	nu-2369	method=dp	correct=True	exec=False
118	nu-2442	method=dp	correct=True	exec=False
119	nu-3073	method=dp	correct=False	exec=False
120	nu-3692	method=dp	correct=False	exec=False
121	nu-4031	method=dp	correct=False	exec=False
122	nu-10	method=dp	correct=False	exec=False
123	nu-265	method=dp	correct=True	exec=False
124	nu-719	method=dp	correct=True	exec=False
125	nu-1270	method=dp	correct=True	exec=False
126	nu-1426	method=dp	correct=True	exec=False
127	nu-1697	method=dp	correct=True	exec=False
128	nu-1790	method=dp	correct=True	exec=False
129	nu-2168	method=dp	correct=True	exec=False
130	nu-2264	method=dp	correct=True	exec=False
131	nu-2429	method=dp	correct=True	exec=False
132	nu-4267	method=dp	correct=True	exec=False
133	nu-11	method=dp	correct=True	exec=False
134	nu-249	method=dp	correct=True	exec=False
135	nu-544	method=dp	correct=True	exec=False
136	nu-955	method=dp	correct=True	exec=False
137	nu-1006	method=dp	correct=True	exec=False
138	nu-1876	method=dp	correct=True	exec=False
139	nu-2281	method=dp	correct=True	exec=False
140	nu-2656	method=dp	correct=True	exec=False
141	nu-3001	method=dp	correct=True	exec=False
142	nu-3223	method=dp	correct=True	exec=False
143	nu-3230	method=dp	correct=True	exec=False
144	nu-3498	method=dp	correct=True	exec=False
145	nu-4169	method=dp	correct=False	exec=False
146	nu-12	method=dp	correct=True	exec=False
147	nu-1506	method=dp	correct=True	exec=False
148	nu-1959	method=dp	correct=True	exec=False
149	nu-2555	method=dp	correct=True	exec=False
/root/shared-nvme/wangjie/second_paper/paper1_reuse/wtq_utils/execute.py:108: FutureWarning: DataFrame.applymap has been deprecated. Use DataFrame.map instead.
  return df.applymap(to_numeric)
/root/shared-nvme/wangjie/second_paper/paper1_reuse/wtq_utils/execute.py:108: FutureWarning: DataFrame.applymap has been deprecated. Use DataFrame.map instead.
  return df.applymap(to_numeric)
/root/shared-nvme/wangjie/second_paper/paper1_reuse/wtq_utils/execute.py:108: FutureWarning: DataFrame.applymap has been deprecated. Use DataFrame.map instead.
  return df.applymap(to_numeric)
/root/shared-nvme/wangjie/second_paper/paper1_reuse/wtq_utils/execute.py:108: FutureWarning: DataFrame.applymap has been deprecated. Use DataFrame.map instead.
  return df.applymap(to_numeric)
/root/shared-nvme/wangjie/second_paper/paper1_reuse/wtq_utils/execute.py:108: FutureWarning: DataFrame.applymap has been deprecated. Use DataFrame.map instead.
  return df.applymap(to_numeric)
/root/shared-nvme/wangjie/second_paper/paper1_reuse/wtq_utils/execute.py:108: FutureWarning: DataFrame.applymap has been deprecated. Use DataFrame.map instead.
  return df.applymap(to_numeric)
/root/shared-nvme/wangjie/second_paper/paper1_reuse/wtq_utils/execute.py:108: FutureWarning: DataFrame.applymap has been deprecated. Use DataFrame.map instead.
  return df.applymap(to_numeric)
/root/shared-nvme/wangjie/second_paper/paper1_reuse/wtq_utils/execute.py:108: FutureWarning: DataFrame.applymap has been deprecated. Use DataFrame.map instead.
  return df.applymap(to_numeric)
/root/shared-nvme/wangjie/second_paper/paper1_reuse/wtq_utils/execute.py:108: FutureWarning: DataFrame.applymap has been deprecated. Use DataFrame.map instead.
  return df.applymap(to_numeric)
/root/shared-nvme/wangjie/second_paper/paper1_reuse/wtq_utils/execute.py:108: FutureWarning: DataFrame.applymap has been deprecated. Use DataFrame.map instead.
  return df.applymap(to_numeric)
/root/shared-nvme/wangjie/second_paper/paper1_reuse/wtq_utils/execute.py:108: FutureWarning: DataFrame.applymap has been deprecated. Use DataFrame.map instead.
  return df.applymap(to_numeric)
/root/shared-nvme/wangjie/second_paper/paper1_reuse/wtq_utils/execute.py:108: FutureWarning: DataFrame.applymap has been deprecated. Use DataFrame.map instead.
  return df.applymap(to_numeric)
/root/shared-nvme/wangjie/second_paper/paper1_reuse/wtq_utils/execute.py:108: FutureWarning: DataFrame.applymap has been deprecated. Use DataFrame.map instead.
  return df.applymap(to_numeric)
0	nu-0	method=audit	correct=False	exec=True
1	nu-165	method=audit	correct=True	exec=True
2	nu-1902	method=audit	correct=True	exec=True
3	nu-2037	method=audit	correct=False	exec=False
4	nu-2400	method=audit	correct=True	exec=True
5	nu-2659	method=audit	correct=True	exec=True
6	nu-2928	method=audit	correct=True	exec=True
7	nu-2976	method=audit	correct=True	exec=True
8	nu-3349	method=audit	correct=False	exec=True
9	nu-3353	method=audit	correct=True	exec=True
10	nu-3876	method=audit	correct=True	exec=True
11	nu-3914	method=audit	correct=True	exec=True
12	nu-4082	method=audit	correct=False	exec=False
13	nu-1	method=audit	correct=True	exec=True
14	nu-45	method=audit	correct=False	exec=True
15	nu-448	method=audit	correct=False	exec=True
16	nu-565	method=audit	correct=False	exec=True
17	nu-661	method=audit	correct=False	exec=True
18	nu-1110	method=audit	correct=True	exec=True
19	nu-1578	method=audit	correct=True	exec=True
20	nu-2122	method=audit	correct=False	exec=True
21	nu-2348	method=audit	correct=True	exec=True
22	nu-2852	method=audit	correct=True	exec=True
23	nu-2989	method=audit	correct=True	exec=True
24	nu-3171	method=audit	correct=True	exec=True
25	nu-3366	method=audit	correct=False	exec=True
26	nu-3640	method=audit	correct=True	exec=True
<generated>:18: SettingWithCopyWarning: 
A value is trying to be set on a copy of a slice from a DataFrame.
Try using .loc[row_indexer,col_indexer] = value instead

See the caveats in the documentation: https://pandas.pydata.org/pandas-docs/stable/user_guide/indexing.html#returning-a-view-versus-a-copy
<generated>:18: SettingWithCopyWarning: 
A value is trying to be set on a copy of a slice from a DataFrame.
Try using .loc[row_indexer,col_indexer] = value instead

See the caveats in the documentation: https://pandas.pydata.org/pandas-docs/stable/user_guide/indexing.html#returning-a-view-versus-a-copy
27	nu-2	method=audit	correct=True	exec=True
28	nu-295	method=audit	correct=True	exec=True
29	nu-488	method=audit	correct=True	exec=True
30	nu-1233	method=audit	correct=False	exec=True
31	nu-1683	method=audit	correct=True	exec=True
32	nu-2138	method=audit	correct=True	exec=True
33	nu-2140	method=audit	correct=True	exec=True
34	nu-3633	method=audit	correct=True	exec=True
35	nu-3817	method=audit	correct=False	exec=True
36	nu-3	method=audit	correct=False	exec=False
37	nu-201	method=audit	correct=False	exec=False
38	nu-752	method=audit	correct=True	exec=True
39	nu-1276	method=audit	correct=False	exec=True
40	nu-1519	method=audit	correct=True	exec=True
41	nu-2389	method=audit	correct=False	exec=False
42	nu-2998	method=audit	correct=False	exec=True
43	nu-3009	method=audit	correct=False	exec=True
44	nu-3131	method=audit	correct=True	exec=True
45	nu-3214	method=audit	correct=True	exec=True
46	nu-3255	method=audit	correct=True	exec=True
47	nu-3896	method=audit	correct=False	exec=True
48	nu-4	method=audit	correct=True	exec=True
49	nu-36	method=audit	correct=True	exec=True
50	nu-290	method=audit	correct=True	exec=True
51	nu-589	method=audit	correct=False	exec=True
52	nu-648	method=audit	correct=False	exec=True
53	nu-1082	method=audit	correct=True	exec=True
54	nu-1116	method=audit	correct=False	exec=True
55	nu-2761	method=audit	correct=True	exec=True
56	nu-3344	method=audit	correct=True	exec=True
57	nu-3398	method=audit	correct=False	exec=True
58	nu-3653	method=audit	correct=True	exec=True
59	nu-3994	method=audit	correct=True	exec=True
60	nu-5	method=audit	correct=True	exec=True
61	nu-229	method=audit	correct=True	exec=True
62	nu-456	method=audit	correct=True	exec=True
63	nu-695	method=audit	correct=True	exec=True
64	nu-831	method=audit	correct=True	exec=True
65	nu-896	method=audit	correct=False	exec=True
66	nu-1160	method=audit	correct=True	exec=True
67	nu-2868	method=audit	correct=True	exec=True
68	nu-2881	method=audit	correct=False	exec=True
69	nu-3509	method=audit	correct=True	exec=True
<generated>:6: SettingWithCopyWarning: 
A value is trying to be set on a copy of a slice from a DataFrame.
Try using .loc[row_indexer,col_indexer] = value instead

See the caveats in the documentation: https://pandas.pydata.org/pandas-docs/stable/user_guide/indexing.html#returning-a-view-versus-a-copy
<generated>:6: SettingWithCopyWarning: 
A value is trying to be set on a copy of a slice from a DataFrame.
Try using .loc[row_indexer,col_indexer] = value instead

See the caveats in the documentation: https://pandas.pydata.org/pandas-docs/stable/user_guide/indexing.html#returning-a-view-versus-a-copy
70	nu-3932	method=audit	correct=True	exec=True
71	nu-6	method=audit	correct=True	exec=True
72	nu-329	method=audit	correct=True	exec=True
73	nu-496	method=audit	correct=False	exec=True
74	nu-681	method=audit	correct=True	exec=True
75	nu-862	method=audit	correct=False	exec=True
76	nu-1496	method=audit	correct=True	exec=True
77	nu-1747	method=audit	correct=True	exec=True
78	nu-1984	method=audit	correct=True	exec=True
79	nu-2068	method=audit	correct=False	exec=True
80	nu-2157	method=audit	correct=False	exec=True
81	nu-3377	method=audit	correct=True	exec=True
82	nu-3738	method=audit	correct=True	exec=True
83	nu-4032	method=audit	correct=True	exec=True
84	nu-4208	method=audit	correct=False	exec=False
85	nu-7	method=audit	correct=False	exec=True
86	nu-243	method=audit	correct=True	exec=True
87	nu-1385	method=audit	correct=False	exec=True
88	nu-1958	method=audit	correct=True	exec=True
<generated>:2: UserWarning: Could not infer format, so each element will be parsed individually, falling back to `dateutil`. To ensure parsing is consistent and as-expected, please specify a format.
89	nu-2117	method=audit	correct=False	exec=False
90	nu-2245	method=audit	correct=False	exec=True
91	nu-2693	method=audit	correct=True	exec=True
92	nu-3146	method=audit	correct=True	exec=True
93	nu-3314	method=audit	correct=True	exec=True
94	nu-3392	method=audit	correct=True	exec=True
95	nu-3520	method=audit	correct=False	exec=True
96	nu-3883	method=audit	correct=False	exec=True
97	nu-4018	method=audit	correct=False	exec=False
98	nu-4075	method=audit	correct=False	exec=True
99	nu-8	method=audit	correct=True	exec=True
100	nu-339	method=audit	correct=True	exec=True
101	nu-1089	method=audit	correct=True	exec=True
102	nu-1208	method=audit	correct=True	exec=True
103	nu-1700	method=audit	correct=True	exec=True
104	nu-1804	method=audit	correct=True	exec=True
105	nu-2522	method=audit	correct=False	exec=True
<generated>:5: SettingWithCopyWarning: 
A value is trying to be set on a copy of a slice from a DataFrame.
Try using .loc[row_indexer,col_indexer] = value instead

See the caveats in the documentation: https://pandas.pydata.org/pandas-docs/stable/user_guide/indexing.html#returning-a-view-versus-a-copy
<generated>:19: SettingWithCopyWarning: 
A value is trying to be set on a copy of a slice from a DataFrame.
Try using .loc[row_indexer,col_indexer] = value instead

See the caveats in the documentation: https://pandas.pydata.org/pandas-docs/stable/user_guide/indexing.html#returning-a-view-versus-a-copy
<generated>:5: SettingWithCopyWarning: 
A value is trying to be set on a copy of a slice from a DataFrame.
Try using .loc[row_indexer,col_indexer] = value instead

See the caveats in the documentation: https://pandas.pydata.org/pandas-docs/stable/user_guide/indexing.html#returning-a-view-versus-a-copy
<generated>:19: SettingWithCopyWarning: 
A value is trying to be set on a copy of a slice from a DataFrame.
Try using .loc[row_indexer,col_indexer] = value instead

See the caveats in the documentation: https://pandas.pydata.org/pandas-docs/stable/user_guide/indexing.html#returning-a-view-versus-a-copy
106	nu-2959	method=audit	correct=True	exec=True
107	nu-3317	method=audit	correct=True	exec=True
108	nu-3793	method=audit	correct=True	exec=True
109	nu-3811	method=audit	correct=True	exec=True
110	nu-4204	method=audit	correct=True	exec=True
111	nu-9	method=audit	correct=True	exec=True
112	nu-64	method=audit	correct=True	exec=True
113	nu-503	method=audit	correct=True	exec=True
114	nu-740	method=audit	correct=True	exec=True
115	nu-906	method=audit	correct=True	exec=True
116	nu-937	method=audit	correct=True	exec=True
117	nu-2369	method=audit	correct=True	exec=True
118	nu-2442	method=audit	correct=False	exec=True
119	nu-3073	method=audit	correct=False	exec=True
120	nu-3692	method=audit	correct=False	exec=False
121	nu-4031	method=audit	correct=False	exec=True
122	nu-10	method=audit	correct=True	exec=True
123	nu-265	method=audit	correct=True	exec=True
124	nu-719	method=audit	correct=False	exec=True
125	nu-1270	method=audit	correct=False	exec=True
126	nu-1426	method=audit	correct=True	exec=True
127	nu-1697	method=audit	correct=True	exec=True
128	nu-1790	method=audit	correct=True	exec=True
129	nu-2168	method=audit	correct=True	exec=True
130	nu-2264	method=audit	correct=False	exec=True
131	nu-2429	method=audit	correct=True	exec=True
132	nu-4267	method=audit	correct=False	exec=True
133	nu-11	method=audit	correct=True	exec=True
134	nu-249	method=audit	correct=True	exec=True
135	nu-544	method=audit	correct=False	exec=True
136	nu-955	method=audit	correct=True	exec=True
137	nu-1006	method=audit	correct=True	exec=True
138	nu-1876	method=audit	correct=True	exec=True
139	nu-2281	method=audit	correct=True	exec=True
140	nu-2656	method=audit	correct=True	exec=True
141	nu-3001	method=audit	correct=False	exec=True
142	nu-3223	method=audit	correct=True	exec=True
143	nu-3230	method=audit	correct=True	exec=True
144	nu-3498	method=audit	correct=True	exec=True
145	nu-4169	method=audit	correct=False	exec=True
146	nu-12	method=audit	correct=True	exec=True
147	nu-1506	method=audit	correct=True	exec=True
<generated>:7: SettingWithCopyWarning: 
A value is trying to be set on a copy of a slice from a DataFrame.
Try using .loc[row_indexer,col_indexer] = value instead

See the caveats in the documentation: https://pandas.pydata.org/pandas-docs/stable/user_guide/indexing.html#returning-a-view-versus-a-copy
<generated>:7: SettingWithCopyWarning: 
A value is trying to be set on a copy of a slice from a DataFrame.
Try using .loc[row_indexer,col_indexer] = value instead

See the caveats in the documentation: https://pandas.pydata.org/pandas-docs/stable/user_guide/indexing.html#returning-a-view-versus-a-copy
148	nu-1959	method=audit	correct=True	exec=True
149	nu-2555	method=audit	correct=False	exec=True
/root/shared-nvme/wangjie/second_paper/paper1_reuse/wtq_utils/execute.py:108: FutureWarning: DataFrame.applymap has been deprecated. Use DataFrame.map instead.
  return df.applymap(to_numeric)
/root/shared-nvme/wangjie/second_paper/paper1_reuse/wtq_utils/execute.py:108: FutureWarning: DataFrame.applymap has been deprecated. Use DataFrame.map instead.
  return df.applymap(to_numeric)
/root/shared-nvme/wangjie/second_paper/paper1_reuse/wtq_utils/execute.py:108: FutureWarning: DataFrame.applymap has been deprecated. Use DataFrame.map instead.
  return df.applymap(to_numeric)
/root/shared-nvme/wangjie/second_paper/paper1_reuse/wtq_utils/execute.py:108: FutureWarning: DataFrame.applymap has been deprecated. Use DataFrame.map instead.
  return df.applymap(to_numeric)
/root/shared-nvme/wangjie/second_paper/paper1_reuse/wtq_utils/execute.py:108: FutureWarning: DataFrame.applymap has been deprecated. Use DataFrame.map instead.
  return df.applymap(to_numeric)
/root/shared-nvme/wangjie/second_paper/paper1_reuse/wtq_utils/execute.py:108: FutureWarning: DataFrame.applymap has been deprecated. Use DataFrame.map instead.
  return df.applymap(to_numeric)
/root/shared-nvme/wangjie/second_paper/paper1_reuse/wtq_utils/execute.py:108: FutureWarning: DataFrame.applymap has been deprecated. Use DataFrame.map instead.
  return df.applymap(to_numeric)
/root/shared-nvme/wangjie/second_paper/paper1_reuse/wtq_utils/execute.py:108: FutureWarning: DataFrame.applymap has been deprecated. Use DataFrame.map instead.
  return df.applymap(to_numeric)
/root/shared-nvme/wangjie/second_paper/paper1_reuse/wtq_utils/execute.py:108: FutureWarning: DataFrame.applymap has been deprecated. Use DataFrame.map instead.
  return df.applymap(to_numeric)
/root/shared-nvme/wangjie/second_paper/paper1_reuse/wtq_utils/execute.py:108: FutureWarning: DataFrame.applymap has been deprecated. Use DataFrame.map instead.
  return df.applymap(to_numeric)
/root/shared-nvme/wangjie/second_paper/paper1_reuse/wtq_utils/execute.py:108: FutureWarning: DataFrame.applymap has been deprecated. Use DataFrame.map instead.
  return df.applymap(to_numeric)
/root/shared-nvme/wangjie/second_paper/paper1_reuse/wtq_utils/execute.py:108: FutureWarning: DataFrame.applymap has been deprecated. Use DataFrame.map instead.
  return df.applymap(to_numeric)
/root/shared-nvme/wangjie/second_paper/paper1_reuse/wtq_utils/execute.py:108: FutureWarning: DataFrame.applymap has been deprecated. Use DataFrame.map instead.
  return df.applymap(to_numeric)
0	nu-0	method=dp_audit	correct=False	exec=False
1	nu-165	method=dp_audit	correct=True	exec=False
2	nu-1902	method=dp_audit	correct=True	exec=False
3	nu-2037	method=dp_audit	correct=True	exec=False
4	nu-2400	method=dp_audit	correct=True	exec=False
5	nu-2659	method=dp_audit	correct=True	exec=False
6	nu-2928	method=dp_audit	correct=True	exec=False
7	nu-2976	method=dp_audit	correct=True	exec=False
8	nu-3349	method=dp_audit	correct=False	exec=False
9	nu-3353	method=dp_audit	correct=True	exec=False
10	nu-3876	method=dp_audit	correct=True	exec=False
11	nu-3914	method=dp_audit	correct=True	exec=False
12	nu-4082	method=dp_audit	correct=True	exec=False
13	nu-1	method=dp_audit	correct=True	exec=False
14	nu-45	method=dp_audit	correct=True	exec=False
15	nu-448	method=dp_audit	correct=True	exec=False
16	nu-565	method=dp_audit	correct=True	exec=False
17	nu-661	method=dp_audit	correct=True	exec=False
18	nu-1110	method=dp_audit	correct=True	exec=False
19	nu-1578	method=dp_audit	correct=True	exec=False
20	nu-2122	method=dp_audit	correct=True	exec=False
21	nu-2348	method=dp_audit	correct=True	exec=False
22	nu-2852	method=dp_audit	correct=True	exec=False
23	nu-2989	method=dp_audit	correct=True	exec=False
24	nu-3171	method=dp_audit	correct=True	exec=False
25	nu-3366	method=dp_audit	correct=True	exec=False
26	nu-3640	method=dp_audit	correct=True	exec=False
27	nu-2	method=dp_audit	correct=False	exec=False
28	nu-295	method=dp_audit	correct=True	exec=False
29	nu-488	method=dp_audit	correct=True	exec=False
30	nu-1233	method=dp_audit	correct=False	exec=False
31	nu-1683	method=dp_audit	correct=True	exec=False
32	nu-2138	method=dp_audit	correct=True	exec=False
33	nu-2140	method=dp_audit	correct=True	exec=False
34	nu-3633	method=dp_audit	correct=True	exec=False
35	nu-3817	method=dp_audit	correct=False	exec=False
36	nu-3	method=dp_audit	correct=True	exec=False
37	nu-201	method=dp_audit	correct=True	exec=False
38	nu-752	method=dp_audit	correct=True	exec=False
39	nu-1276	method=dp_audit	correct=True	exec=False
40	nu-1519	method=dp_audit	correct=True	exec=False
41	nu-2389	method=dp_audit	correct=True	exec=False
42	nu-2998	method=dp_audit	correct=True	exec=False
43	nu-3009	method=dp_audit	correct=True	exec=False
44	nu-3131	method=dp_audit	correct=True	exec=False
45	nu-3214	method=dp_audit	correct=True	exec=False
46	nu-3255	method=dp_audit	correct=True	exec=False
47	nu-3896	method=dp_audit	correct=True	exec=False
48	nu-4	method=dp_audit	correct=True	exec=False
49	nu-36	method=dp_audit	correct=False	exec=False
50	nu-290	method=dp_audit	correct=True	exec=False
51	nu-589	method=dp_audit	correct=True	exec=False
52	nu-648	method=dp_audit	correct=True	exec=False
53	nu-1082	method=dp_audit	correct=True	exec=False
54	nu-1116	method=dp_audit	correct=True	exec=False
55	nu-2761	method=dp_audit	correct=True	exec=False
56	nu-3344	method=dp_audit	correct=True	exec=False
57	nu-3398	method=dp_audit	correct=True	exec=False
58	nu-3653	method=dp_audit	correct=True	exec=False
59	nu-3994	method=dp_audit	correct=True	exec=False
60	nu-5	method=dp_audit	correct=True	exec=False
61	nu-229	method=dp_audit	correct=True	exec=False
62	nu-456	method=dp_audit	correct=True	exec=False
63	nu-695	method=dp_audit	correct=True	exec=False
64	nu-831	method=dp_audit	correct=True	exec=False
65	nu-896	method=dp_audit	correct=True	exec=False
66	nu-1160	method=dp_audit	correct=True	exec=False
67	nu-2868	method=dp_audit	correct=True	exec=False
68	nu-2881	method=dp_audit	correct=True	exec=False
69	nu-3509	method=dp_audit	correct=True	exec=False
70	nu-3932	method=dp_audit	correct=True	exec=False
71	nu-6	method=dp_audit	correct=True	exec=False
72	nu-329	method=dp_audit	correct=True	exec=False
73	nu-496	method=dp_audit	correct=False	exec=False
74	nu-681	method=dp_audit	correct=True	exec=False
75	nu-862	method=dp_audit	correct=True	exec=False
76	nu-1496	method=dp_audit	correct=True	exec=False
77	nu-1747	method=dp_audit	correct=True	exec=False
78	nu-1984	method=dp_audit	correct=True	exec=False
79	nu-2068	method=dp_audit	correct=False	exec=False
80	nu-2157	method=dp_audit	correct=False	exec=False
81	nu-3377	method=dp_audit	correct=True	exec=False
82	nu-3738	method=dp_audit	correct=True	exec=False
83	nu-4032	method=dp_audit	correct=True	exec=False
84	nu-4208	method=dp_audit	correct=False	exec=False
85	nu-7	method=dp_audit	correct=True	exec=False
86	nu-243	method=dp_audit	correct=True	exec=False
87	nu-1385	method=dp_audit	correct=True	exec=False
88	nu-1958	method=dp_audit	correct=True	exec=False
89	nu-2117	method=dp_audit	correct=True	exec=False
90	nu-2245	method=dp_audit	correct=True	exec=False
91	nu-2693	method=dp_audit	correct=True	exec=False
92	nu-3146	method=dp_audit	correct=True	exec=False
93	nu-3314	method=dp_audit	correct=True	exec=False
94	nu-3392	method=dp_audit	correct=True	exec=False
95	nu-3520	method=dp_audit	correct=True	exec=False
96	nu-3883	method=dp_audit	correct=False	exec=False
97	nu-4018	method=dp_audit	correct=True	exec=False
98	nu-4075	method=dp_audit	correct=True	exec=False
99	nu-8	method=dp_audit	correct=True	exec=False
100	nu-339	method=dp_audit	correct=True	exec=False
101	nu-1089	method=dp_audit	correct=True	exec=False
102	nu-1208	method=dp_audit	correct=True	exec=False
103	nu-1700	method=dp_audit	correct=True	exec=False
104	nu-1804	method=dp_audit	correct=True	exec=False
105	nu-2522	method=dp_audit	correct=False	exec=False
106	nu-2959	method=dp_audit	correct=True	exec=False
107	nu-3317	method=dp_audit	correct=True	exec=False
108	nu-3793	method=dp_audit	correct=True	exec=False
109	nu-3811	method=dp_audit	correct=True	exec=False
110	nu-4204	method=dp_audit	correct=True	exec=False
111	nu-9	method=dp_audit	correct=True	exec=False
112	nu-64	method=dp_audit	correct=True	exec=False
113	nu-503	method=dp_audit	correct=True	exec=False
114	nu-740	method=dp_audit	correct=True	exec=False
115	nu-906	method=dp_audit	correct=True	exec=False
116	nu-937	method=dp_audit	correct=True	exec=False
117	nu-2369	method=dp_audit	correct=True	exec=False
118	nu-2442	method=dp_audit	correct=True	exec=False
119	nu-3073	method=dp_audit	correct=False	exec=False
120	nu-3692	method=dp_audit	correct=True	exec=False
121	nu-4031	method=dp_audit	correct=False	exec=False
122	nu-10	method=dp_audit	correct=False	exec=False
123	nu-265	method=dp_audit	correct=True	exec=False
124	nu-719	method=dp_audit	correct=True	exec=False
125	nu-1270	method=dp_audit	correct=True	exec=False
126	nu-1426	method=dp_audit	correct=True	exec=False
127	nu-1697	method=dp_audit	correct=True	exec=False
128	nu-1790	method=dp_audit	correct=True	exec=False
129	nu-2168	method=dp_audit	correct=False	exec=False
130	nu-2264	method=dp_audit	correct=True	exec=False
131	nu-2429	method=dp_audit	correct=True	exec=False
132	nu-4267	method=dp_audit	correct=True	exec=False
133	nu-11	method=dp_audit	correct=False	exec=False
134	nu-249	method=dp_audit	correct=True	exec=False
135	nu-544	method=dp_audit	correct=False	exec=False
136	nu-955	method=dp_audit	correct=True	exec=False
137	nu-1006	method=dp_audit	correct=True	exec=False
138	nu-1876	method=dp_audit	correct=True	exec=False
139	nu-2281	method=dp_audit	correct=True	exec=False
140	nu-2656	method=dp_audit	correct=True	exec=False
141	nu-3001	method=dp_audit	correct=True	exec=False
142	nu-3223	method=dp_audit	correct=True	exec=False
143	nu-3230	method=dp_audit	correct=True	exec=False
144	nu-3498	method=dp_audit	correct=True	exec=False
145	nu-4169	method=dp_audit	correct=True	exec=False
146	nu-12	method=dp_audit	correct=True	exec=False
147	nu-1506	method=dp_audit	correct=True	exec=False
148	nu-1959	method=dp_audit	correct=True	exec=False
149	nu-2555	method=dp_audit	correct=True	exec=False
0 nu-0 preferred conservative_guard False
1 nu-165 preferred agreement True
2 nu-1902 preferred conservative_guard True
3 nu-2037 preferred agreement True
4 nu-2400 preferred agreement True
5 nu-2659 preferred agreement True
6 nu-2928 preferred agreement True
7 nu-2976 preferred conservative_guard True
8 nu-3349 preferred conservative_guard False
9 nu-3353 preferred conservative_guard True
10 nu-3876 preferred agreement True
11 nu-3914 preferred agreement True
12 nu-4082 preferred agreement True
13 nu-1 preferred agreement True
14 nu-45 preferred agreement True
15 nu-448 preferred agreement True
16 nu-565 preferred agreement True
17 nu-661 preferred agreement True
18 nu-1110 preferred agreement True
19 nu-1578 preferred agreement True
20 nu-2122 preferred agreement True
21 nu-2348 preferred agreement True
22 nu-2852 preferred agreement True
23 nu-2989 preferred agreement True
24 nu-3171 preferred agreement True
25 nu-3366 fallback preferred_invalid True
26 nu-3640 preferred agreement True
27 nu-2 preferred conservative_guard True
28 nu-295 preferred agreement True
29 nu-488 preferred agreement True
30 nu-1233 preferred conservative_guard False
31 nu-1683 preferred agreement True
32 nu-2138 preferred agreement True
33 nu-2140 preferred agreement True
34 nu-3633 preferred agreement True
35 nu-3817 preferred conservative_guard False
36 nu-3 preferred agreement True
37 nu-201 preferred conservative_guard True
38 nu-752 preferred agreement True
39 nu-1276 preferred agreement True
40 nu-1519 preferred agreement True
41 nu-2389 preferred conservative_guard True
42 nu-2998 preferred agreement True
43 nu-3009 preferred agreement True
44 nu-3131 preferred agreement True
45 nu-3214 preferred conservative_guard True
46 nu-3255 preferred agreement True
47 nu-3896 preferred agreement True
48 nu-4 preferred agreement True
49 nu-36 preferred agreement False
50 nu-290 preferred conservative_guard False
51 nu-589 preferred agreement True
52 nu-648 preferred agreement True
53 nu-1082 preferred agreement True
54 nu-1116 preferred agreement True
55 nu-2761 preferred agreement True
56 nu-3344 preferred agreement True
57 nu-3398 preferred agreement True
58 nu-3653 preferred conservative_guard False
59 nu-3994 preferred agreement True
60 nu-5 preferred agreement True
61 nu-229 preferred agreement True
62 nu-456 preferred agreement True
63 nu-695 preferred conservative_guard False
64 nu-831 preferred agreement True
65 nu-896 preferred agreement True
66 nu-1160 preferred agreement True
67 nu-2868 preferred agreement True
68 nu-2881 preferred agreement True
69 nu-3509 preferred agreement True
70 nu-3932 preferred agreement True
71 nu-6 preferred agreement True
72 nu-329 preferred agreement True
73 nu-496 preferred agreement False
74 nu-681 preferred agreement True
75 nu-862 preferred agreement True
76 nu-1496 preferred agreement True
77 nu-1747 preferred conservative_guard False
78 nu-1984 preferred agreement True
79 nu-2068 preferred conservative_guard True
80 nu-2157 preferred agreement False
81 nu-3377 preferred agreement True
82 nu-3738 preferred agreement True
83 nu-4032 preferred agreement True
84 nu-4208 fallback preferred_invalid False
85 nu-7 preferred agreement True
86 nu-243 preferred agreement True
87 nu-1385 preferred agreement True
88 nu-1958 preferred agreement True
89 nu-2117 preferred agreement True
90 nu-2245 preferred agreement True
91 nu-2693 preferred agreement True
92 nu-3146 preferred agreement True
93 nu-3314 preferred agreement True
94 nu-3392 preferred agreement True
95 nu-3520 preferred agreement True
96 nu-3883 preferred conservative_guard True
97 nu-4018 preferred agreement True
98 nu-4075 preferred agreement True
99 nu-8 preferred agreement True
100 nu-339 preferred agreement True
101 nu-1089 preferred agreement True
102 nu-1208 preferred conservative_guard False
103 nu-1700 preferred agreement True
104 nu-1804 preferred agreement True
105 nu-2522 preferred agreement False
106 nu-2959 preferred agreement True
107 nu-3317 preferred agreement True
108 nu-3793 preferred agreement True
109 nu-3811 preferred agreement True
110 nu-4204 preferred agreement True
111 nu-9 preferred agreement True
112 nu-64 preferred agreement True
113 nu-503 preferred agreement True
114 nu-740 preferred agreement True
115 nu-906 preferred agreement True
116 nu-937 preferred agreement True
117 nu-2369 preferred agreement True
118 nu-2442 preferred agreement True
119 nu-3073 preferred agreement False
120 nu-3692 preferred conservative_guard False
121 nu-4031 preferred agreement False
122 nu-10 preferred conservative_guard False
123 nu-265 preferred agreement True
124 nu-719 preferred agreement True
125 nu-1270 preferred agreement True
126 nu-1426 preferred agreement True
127 nu-1697 preferred agreement True
128 nu-1790 preferred agreement True
129 nu-2168 preferred conservative_guard True
130 nu-2264 preferred agreement True
131 nu-2429 preferred agreement True
132 nu-4267 preferred agreement True
133 nu-11 preferred conservative_guard True
134 nu-249 preferred agreement True
135 nu-544 preferred conservative_guard True
136 nu-955 preferred conservative_guard True
137 nu-1006 preferred agreement True
138 nu-1876 preferred agreement True
139 nu-2281 preferred agreement True
140 nu-2656 preferred agreement True
141 nu-3001 preferred agreement True
142 nu-3223 preferred agreement True
143 nu-3230 preferred agreement True
144 nu-3498 preferred agreement True
145 nu-4169 preferred conservative_guard False
146 nu-12 preferred agreement True
147 nu-1506 preferred agreement True
148 nu-1959 preferred agreement True
149 nu-2555 preferred agreement True
0 nu-0 agreement_keep_primary support= 0 correct= False
1 nu-165 agreement_keep_primary support= 0 correct= True
2 nu-1902 agreement_keep_primary support= 0 correct= True
3 nu-2037 agreement_keep_primary support= 0 correct= True
4 nu-2400 agreement_keep_primary support= 0 correct= True
5 nu-2659 verified_keep_primary support= 0 correct= True
6 nu-2928 agreement_keep_primary support= 0 correct= True
7 nu-2976 agreement_keep_primary support= 0 correct= True
8 nu-3349 agreement_keep_primary support= 0 correct= False
9 nu-3353 verified_keep_primary support= 0 correct= True
10 nu-3876 agreement_keep_primary support= 0 correct= True
11 nu-3914 agreement_keep_primary support= 0 correct= True
12 nu-4082 agreement_keep_primary support= 0 correct= True
13 nu-1 agreement_keep_primary support= 0 correct= True
14 nu-45 agreement_keep_primary support= 0 correct= True
15 nu-448 verified_keep_primary support= 0 correct= True
16 nu-565 agreement_keep_primary support= 0 correct= True
17 nu-661 verified_keep_primary support= 0 correct= True
18 nu-1110 agreement_keep_primary support= 0 correct= True
19 nu-1578 verified_keep_primary support= 0 correct= True
20 nu-2122 verified_keep_primary support= 0 correct= True
21 nu-2348 agreement_keep_primary support= 0 correct= True
22 nu-2852 agreement_keep_primary support= 0 correct= True
23 nu-2989 agreement_keep_primary support= 0 correct= True
24 nu-3171 agreement_keep_primary support= 0 correct= True
25 nu-3366 verified_override support= 1 correct= True
26 nu-3640 agreement_keep_primary support= 0 correct= True
27 nu-2 verified_keep_primary support= 0 correct= True
28 nu-295 agreement_keep_primary support= 0 correct= True
29 nu-488 agreement_keep_primary support= 0 correct= True
30 nu-1233 verified_keep_primary support= 0 correct= False
31 nu-1683 agreement_keep_primary support= 0 correct= True
32 nu-2138 agreement_keep_primary support= 0 correct= True
33 nu-2140 agreement_keep_primary support= 0 correct= True
34 nu-3633 agreement_keep_primary support= 0 correct= True
35 nu-3817 verified_override support= 1 correct= False
36 nu-3 agreement_keep_primary support= 0 correct= True
37 nu-201 agreement_keep_primary support= 0 correct= True
38 nu-752 agreement_keep_primary support= 0 correct= True
39 nu-1276 agreement_keep_primary support= 0 correct= True
40 nu-1519 agreement_keep_primary support= 0 correct= True
41 nu-2389 agreement_keep_primary support= 0 correct= True
42 nu-2998 verified_keep_primary support= 0 correct= True
43 nu-3009 verified_keep_primary support= 0 correct= True
44 nu-3131 agreement_keep_primary support= 0 correct= True
45 nu-3214 verified_keep_primary support= 0 correct= True
46 nu-3255 agreement_keep_primary support= 0 correct= True
47 nu-3896 verified_keep_primary support= 0 correct= True
48 nu-4 agreement_keep_primary support= 0 correct= True
49 nu-36 verified_keep_primary support= 0 correct= False
50 nu-290 verified_keep_primary support= 0 correct= False
51 nu-589 verified_keep_primary support= 0 correct= True
52 nu-648 verified_keep_primary support= 0 correct= True
53 nu-1082 agreement_keep_primary support= 0 correct= True
54 nu-1116 verified_keep_primary support= 0 correct= True
55 nu-2761 agreement_keep_primary support= 0 correct= True
56 nu-3344 agreement_keep_primary support= 0 correct= True
57 nu-3398 verified_keep_primary support= 0 correct= True
58 nu-3653 verified_keep_primary support= 0 correct= False
59 nu-3994 agreement_keep_primary support= 0 correct= True
60 nu-5 agreement_keep_primary support= 0 correct= True
61 nu-229 agreement_keep_primary support= 0 correct= True
62 nu-456 agreement_keep_primary support= 0 correct= True
63 nu-695 verified_keep_primary support= 0 correct= False
64 nu-831 agreement_keep_primary support= 0 correct= True
65 nu-896 verified_keep_primary support= 0 correct= True
66 nu-1160 agreement_keep_primary support= 0 correct= True
67 nu-2868 agreement_keep_primary support= 0 correct= True
68 nu-2881 verified_keep_primary support= 0 correct= True
69 nu-3509 agreement_keep_primary support= 0 correct= True
70 nu-3932 verified_override support= 1 correct= True
71 nu-6 agreement_keep_primary support= 0 correct= True
72 nu-329 agreement_keep_primary support= 0 correct= True
73 nu-496 agreement_keep_primary support= 0 correct= False
74 nu-681 agreement_keep_primary support= 0 correct= True
75 nu-862 verified_keep_primary support= 0 correct= True
76 nu-1496 agreement_keep_primary support= 0 correct= True
77 nu-1747 verified_keep_primary support= 0 correct= False
78 nu-1984 verified_keep_primary support= 0 correct= True
79 nu-2068 verified_keep_primary support= 0 correct= True
80 nu-2157 agreement_keep_primary support= 0 correct= False
81 nu-3377 agreement_keep_primary support= 0 correct= True
82 nu-3738 agreement_keep_primary support= 0 correct= True
83 nu-4032 agreement_keep_primary support= 0 correct= True
84 nu-4208 verified_keep_primary support= 0 correct= False
85 nu-7 verified_keep_primary support= 0 correct= True
86 nu-243 agreement_keep_primary support= 0 correct= True
87 nu-1385 verified_keep_primary support= 0 correct= True
88 nu-1958 agreement_keep_primary support= 0 correct= True
89 nu-2117 agreement_keep_primary support= 0 correct= True
90 nu-2245 verified_keep_primary support= 0 correct= True
91 nu-2693 agreement_keep_primary support= 0 correct= True
92 nu-3146 agreement_keep_primary support= 0 correct= True
93 nu-3314 agreement_keep_primary support= 0 correct= True
94 nu-3392 agreement_keep_primary support= 0 correct= True
95 nu-3520 agreement_keep_primary support= 0 correct= True
96 nu-3883 verified_override support= 1 correct= False
97 nu-4018 agreement_keep_primary support= 0 correct= True
98 nu-4075 verified_keep_primary support= 0 correct= True
99 nu-8 verified_keep_primary support= 0 correct= True
100 nu-339 verified_keep_primary support= 0 correct= True
101 nu-1089 agreement_keep_primary support= 0 correct= True
102 nu-1208 verified_override support= 1 correct= True
103 nu-1700 agreement_keep_primary support= 0 correct= True
104 nu-1804 verified_keep_primary support= 0 correct= True
105 nu-2522 verified_keep_primary support= 0 correct= False
106 nu-2959 agreement_keep_primary support= 0 correct= True
107 nu-3317 agreement_keep_primary support= 0 correct= True
108 nu-3793 agreement_keep_primary support= 0 correct= True
109 nu-3811 agreement_keep_primary support= 0 correct= True
110 nu-4204 agreement_keep_primary support= 0 correct= True
111 nu-9 agreement_keep_primary support= 0 correct= True
112 nu-64 agreement_keep_primary support= 0 correct= True
113 nu-503 agreement_keep_primary support= 0 correct= True
114 nu-740 agreement_keep_primary support= 0 correct= True
115 nu-906 agreement_keep_primary support= 0 correct= True
116 nu-937 agreement_keep_primary support= 0 correct= True
117 nu-2369 verified_keep_primary support= 0 correct= True
118 nu-2442 verified_keep_primary support= 0 correct= True
119 nu-3073 verified_keep_primary support= 0 correct= False
120 nu-3692 agreement_keep_primary support= 0 correct= False
121 nu-4031 agreement_keep_primary support= 0 correct= False
122 nu-10 verified_keep_primary support= 0 correct= False
123 nu-265 agreement_keep_primary support= 0 correct= True
124 nu-719 verified_keep_primary support= 0 correct= True
125 nu-1270 verified_keep_primary support= 0 correct= True
126 nu-1426 agreement_keep_primary support= 0 correct= True
127 nu-1697 agreement_keep_primary support= 0 correct= True
128 nu-1790 agreement_keep_primary support= 0 correct= True
129 nu-2168 agreement_keep_primary support= 0 correct= True
130 nu-2264 agreement_keep_primary support= 0 correct= True
131 nu-2429 agreement_keep_primary support= 0 correct= True
132 nu-4267 verified_keep_primary support= 0 correct= True
133 nu-11 agreement_keep_primary support= 0 correct= True
134 nu-249 agreement_keep_primary support= 0 correct= True
135 nu-544 verified_keep_primary support= 0 correct= True
136 nu-955 verified_override support= 1 correct= True
137 nu-1006 agreement_keep_primary support= 0 correct= True
138 nu-1876 agreement_keep_primary support= 0 correct= True
139 nu-2281 agreement_keep_primary support= 0 correct= True
140 nu-2656 agreement_keep_primary support= 0 correct= True
141 nu-3001 verified_keep_primary support= 0 correct= True
142 nu-3223 agreement_keep_primary support= 0 correct= True
143 nu-3230 agreement_keep_primary support= 0 correct= True
144 nu-3498 agreement_keep_primary support= 0 correct= True
145 nu-4169 agreement_keep_primary support= 0 correct= False
146 nu-12 agreement_keep_primary support= 0 correct= True
147 nu-1506 agreement_keep_primary support= 0 correct= True
148 nu-1959 agreement_keep_primary support= 0 correct= True
149 nu-2555 agreement_keep_primary support= 0 correct= True
{
  "dataset": "wtq",
  "rows": 150,
  "accuracy": 0.9133333333333333,
  "correct": 137,
  "incorrect": 13,
  "selected_source_counts": {
    "dp_baseline": 140,
    "blind_double_verifier": 4,
    "optimized_semantic_consensus": 4,
    "optimized_dp_duration": 2
  },
  "gold_excluded_from_selection": true
}
FINAL_150_COMPLETE dataset=wtq
